<!doctype html public "-//w3c//dtd html 4.0 transitional//en">
<html><head>
<title>Static Call Graph - [.\Objects\C7Pms.axf]</title></head>
<body><HR>
<H1>Static Call Graph for image .\Objects\C7Pms.axf</H1><HR>
<BR><P>#&#060CALLGRAPH&#062# ARM Linker, 5060750: Last Updated: Fri Aug 28 14:29:06 2020
<BR><P>
<H3>Maximum Stack Usage =        656 bytes + Unknown(Cycles, Untraceable Function Pointers)</H3><H3>
Call chain for Maximum Stack Depth:</H3>
NfcCardReader_fsm_trans &rArr; NfcCardReader_searchPort &rArr; TypeA_CardActivate &rArr; TypeA_Select &rArr; Pcd_Comm &rArr; Write_FIFO &rArr; i2c_write_fm17522_fifo &rArr; gd32_i2c_write &rArr; Resume_IIC &rArr; I2C_init &rArr; i2c_clock_config &rArr; rcu_clock_freq_get
<P>
<H3>
Mutually Recursive functions
</H3> <LI><a href="#[1f]">ADC0_1_IRQHandler</a>&nbsp;&nbsp;&nbsp;&rArr;&nbsp;&nbsp;&nbsp;<a href="#[1f]">ADC0_1_IRQHandler</a><BR>
 <LI><a href="#[f4]">Bat_onPlugOut</a>&nbsp;&nbsp;&nbsp;&rArr;&nbsp;&nbsp;&nbsp;<a href="#[f1]">Bat_fsm</a><BR>
</UL>
<P>
<H3>
Function Pointers
</H3><UL>
 <LI><a href="#[1f]">ADC0_1_IRQHandler</a> from startup_gd32f403.o(.text) referenced from startup_gd32f403.o(RESET)
 <LI><a href="#[3b]">ADC2_IRQHandler</a> from startup_gd32f403.o(.text) referenced from startup_gd32f403.o(RESET)
 <LI><a href="#[69]">Bat_event</a> from battery.o(i.Bat_event) referenced 2 times from pms.o(.constdata)
 <LI><a href="#[67]">Bat_event_readBmsInfo</a> from battery.o(i.Bat_event_readBmsInfo) referenced 2 times from pms.o(.constdata)
 <LI><a href="#[65]">Bat_fsm_init</a> from battery.o(i.Bat_fsm_init) referenced from battery.o(.constdata)
 <LI><a href="#[66]">Bat_fsm_readInfo</a> from battery.o(i.Bat_fsm_readInfo) referenced from battery.o(.constdata)
 <LI><a href="#[7]">BusFault_Handler</a> from gd32f403_it.o(i.BusFault_Handler) referenced from startup_gd32f403.o(RESET)
 <LI><a href="#[23]">CAN0_EWMC_IRQHandler</a> from startup_gd32f403.o(.text) referenced from startup_gd32f403.o(RESET)
 <LI><a href="#[21]">CAN0_RX0_IRQHandler</a> from startup_gd32f403.o(.text) referenced from startup_gd32f403.o(RESET)
 <LI><a href="#[22]">CAN0_RX1_IRQHandler</a> from startup_gd32f403.o(.text) referenced from startup_gd32f403.o(RESET)
 <LI><a href="#[20]">CAN0_TX_IRQHandler</a> from startup_gd32f403.o(.text) referenced from startup_gd32f403.o(RESET)
 <LI><a href="#[4b]">CAN1_EWMC_IRQHandler</a> from startup_gd32f403.o(.text) referenced from startup_gd32f403.o(RESET)
 <LI><a href="#[49]">CAN1_RX0_IRQHandler</a> from startup_gd32f403.o(.text) referenced from startup_gd32f403.o(RESET)
 <LI><a href="#[4a]">CAN1_RX1_IRQHandler</a> from startup_gd32f403.o(.text) referenced from startup_gd32f403.o(RESET)
 <LI><a href="#[48]">CAN1_TX_IRQHandler</a> from startup_gd32f403.o(.text) referenced from startup_gd32f403.o(RESET)
 <LI><a href="#[18]">DMA0_Channel0_IRQHandler</a> from startup_gd32f403.o(.text) referenced from startup_gd32f403.o(RESET)
 <LI><a href="#[19]">DMA0_Channel1_IRQHandler</a> from startup_gd32f403.o(.text) referenced from startup_gd32f403.o(RESET)
 <LI><a href="#[1a]">DMA0_Channel2_IRQHandler</a> from startup_gd32f403.o(.text) referenced from startup_gd32f403.o(RESET)
 <LI><a href="#[1b]">DMA0_Channel3_IRQHandler</a> from startup_gd32f403.o(.text) referenced from startup_gd32f403.o(RESET)
 <LI><a href="#[1c]">DMA0_Channel4_IRQHandler</a> from startup_gd32f403.o(.text) referenced from startup_gd32f403.o(RESET)
 <LI><a href="#[1d]">DMA0_Channel5_IRQHandler</a> from startup_gd32f403.o(.text) referenced from startup_gd32f403.o(RESET)
 <LI><a href="#[1e]">DMA0_Channel6_IRQHandler</a> from startup_gd32f403.o(.text) referenced from startup_gd32f403.o(RESET)
 <LI><a href="#[43]">DMA1_Channel0_IRQHandler</a> from startup_gd32f403.o(.text) referenced from startup_gd32f403.o(RESET)
 <LI><a href="#[44]">DMA1_Channel1_IRQHandler</a> from startup_gd32f403.o(.text) referenced from startup_gd32f403.o(RESET)
 <LI><a href="#[45]">DMA1_Channel2_IRQHandler</a> from startup_gd32f403.o(.text) referenced from startup_gd32f403.o(RESET)
 <LI><a href="#[46]">DMA1_Channel3_IRQHandler</a> from startup_gd32f403.o(.text) referenced from startup_gd32f403.o(RESET)
 <LI><a href="#[47]">DMA1_Channel4_IRQHandler</a> from startup_gd32f403.o(.text) referenced from startup_gd32f403.o(RESET)
 <LI><a href="#[a]">DebugMon_Handler</a> from gd32f403_it.o(i.DebugMon_Handler) referenced from startup_gd32f403.o(RESET)
 <LI><a href="#[83]">Dump</a> from smart_shell.o(i.Dump) referenced from smart_shell.o(FSymTab)
 <LI><a href="#[3c]">EXMC_IRQHandler</a> from startup_gd32f403.o(.text) referenced from startup_gd32f403.o(RESET)
 <LI><a href="#[13]">EXTI0_IRQHandler</a> from startup_gd32f403.o(.text) referenced from startup_gd32f403.o(RESET)
 <LI><a href="#[34]">EXTI10_15_IRQHandler</a> from gd32f403_it.o(i.EXTI10_15_IRQHandler) referenced from startup_gd32f403.o(RESET)
 <LI><a href="#[14]">EXTI1_IRQHandler</a> from startup_gd32f403.o(.text) referenced from startup_gd32f403.o(RESET)
 <LI><a href="#[15]">EXTI2_IRQHandler</a> from startup_gd32f403.o(.text) referenced from startup_gd32f403.o(RESET)
 <LI><a href="#[16]">EXTI3_IRQHandler</a> from startup_gd32f403.o(.text) referenced from startup_gd32f403.o(RESET)
 <LI><a href="#[17]">EXTI4_IRQHandler</a> from startup_gd32f403.o(.text) referenced from startup_gd32f403.o(RESET)
 <LI><a href="#[24]">EXTI5_9_IRQHandler</a> from gd32f403_it.o(i.EXTI5_9_IRQHandler) referenced from startup_gd32f403.o(RESET)
 <LI><a href="#[11]">FMC_IRQHandler</a> from startup_gd32f403.o(.text) referenced from startup_gd32f403.o(RESET)
 <LI><a href="#[5]">HardFault_Handler</a> from cmb_fault.o(.text) referenced from startup_gd32f403.o(RESET)
 <LI><a href="#[2c]">I2C0_ER_IRQHandler</a> from startup_gd32f403.o(.text) referenced from startup_gd32f403.o(RESET)
 <LI><a href="#[2b]">I2C0_EV_IRQHandler</a> from startup_gd32f403.o(.text) referenced from startup_gd32f403.o(RESET)
 <LI><a href="#[2e]">I2C1_ER_IRQHandler</a> from startup_gd32f403.o(.text) referenced from startup_gd32f403.o(RESET)
 <LI><a href="#[2d]">I2C1_EV_IRQHandler</a> from startup_gd32f403.o(.text) referenced from startup_gd32f403.o(RESET)
 <LI><a href="#[72]">IO_Init</a> from driverio.o(i.IO_Init) referenced from driverio.o(.rti_fn.1)
 <LI><a href="#[e]">LVD_IRQHandler</a> from startup_gd32f403.o(.text) referenced from startup_gd32f403.o(RESET)
 <LI><a href="#[62]">Led_start</a> from led.o(i.Led_start) referenced from led.o(.constdata)
 <LI><a href="#[6]">MemManage_Handler</a> from gd32f403_it.o(i.MemManage_Handler) referenced from startup_gd32f403.o(RESET)
 <LI><a href="#[4]">NMI_Handler</a> from gd32f403_it.o(i.NMI_Handler) referenced from startup_gd32f403.o(RESET)
 <LI><a href="#[63]">NfcCardReader_fsm_sleep</a> from nfccardreader.o(i.NfcCardReader_fsm_sleep) referenced from nfccardreader.o(.constdata)
 <LI><a href="#[64]">NfcCardReader_fsm_trans</a> from nfccardreader.o(i.NfcCardReader_fsm_trans) referenced from nfccardreader.o(.constdata)
 <LI><a href="#[59]">Nvc_Done</a> from nvc.o(i.Nvc_Done) referenced from nvc.o(i.Nvc_Init)
 <LI><a href="#[b]">PendSV_Handler</a> from context_rvds.o(.text) referenced from startup_gd32f403.o(RESET)
 <LI><a href="#[68]">Pms_Tx</a> from pms.o(i.Pms_Tx) referenced 2 times from pms.o(.constdata)
 <LI><a href="#[5a]">Pms_cardReaderEventCb</a> from pms.o(i.Pms_cardReaderEventCb) referenced from pms.o(i.Pms_init)
 <LI><a href="#[6e]">Pms_fsm_CANErr</a> from pms.o(i.Pms_fsm_CANErr) referenced from pms.o(.constdata)
 <LI><a href="#[6a]">Pms_fsm_accOff</a> from pms.o(i.Pms_fsm_accOff) referenced from pms.o(.constdata)
 <LI><a href="#[6b]">Pms_fsm_accOn</a> from pms.o(i.Pms_fsm_accOn) referenced from pms.o(.constdata)
 <LI><a href="#[6d]">Pms_fsm_deepSleep</a> from pms.o(i.Pms_fsm_deepSleep) referenced from pms.o(.constdata)
 <LI><a href="#[6c]">Pms_fsm_sleep</a> from pms.o(i.Pms_fsm_sleep) referenced from pms.o(.constdata)
 <LI><a href="#[12]">RCU_CTC_IRQHandler</a> from startup_gd32f403.o(.text) referenced from startup_gd32f403.o(RESET)
 <LI><a href="#[35]">RTC_Alarm_IRQHandler</a> from rtc.o(i.RTC_Alarm_IRQHandler) referenced from startup_gd32f403.o(RESET)
 <LI><a href="#[10]">RTC_IRQHandler</a> from rtc.o(i.RTC_IRQHandler) referenced from startup_gd32f403.o(RESET)
 <LI><a href="#[86]">Reset</a> from smart_shell.o(i.Reset) referenced from smart_shell.o(FSymTab)
 <LI><a href="#[3]">Reset_Handler</a> from startup_gd32f403.o(.text) referenced from startup_gd32f403.o(RESET)
 <LI><a href="#[3d]">SDIO_IRQHandler</a> from startup_gd32f403.o(.text) referenced from startup_gd32f403.o(RESET)
 <LI><a href="#[2f]">SPI0_IRQHandler</a> from startup_gd32f403.o(.text) referenced from startup_gd32f403.o(RESET)
 <LI><a href="#[30]">SPI1_IRQHandler</a> from startup_gd32f403.o(.text) referenced from startup_gd32f403.o(RESET)
 <LI><a href="#[3e]">SPI2_IRQHandler</a> from startup_gd32f403.o(.text) referenced from startup_gd32f403.o(RESET)
 <LI><a href="#[9]">SVC_Handler</a> from gd32f403_it.o(i.SVC_Handler) referenced from startup_gd32f403.o(RESET)
 <LI><a href="#[85]">SelfTest</a> from smart_shell.o(i.SelfTest) referenced from smart_shell.o(FSymTab)
 <LI><a href="#[84]">Set</a> from smart_shell.o(i.Set) referenced from smart_shell.o(FSymTab)
 <LI><a href="#[c]">SysTick_Handler</a> from board.o(i.SysTick_Handler) referenced from startup_gd32f403.o(RESET)
 <LI><a href="#[4d]">SystemInit</a> from system_gd32f403.o(i.SystemInit) referenced from startup_gd32f403.o(.text)
 <LI><a href="#[f]">TAMPER_IRQHandler</a> from startup_gd32f403.o(.text) referenced from startup_gd32f403.o(RESET)
 <LI><a href="#[25]">TIMER0_BRK_TIMER8_IRQHandler</a> from startup_gd32f403.o(.text) referenced from startup_gd32f403.o(RESET)
 <LI><a href="#[28]">TIMER0_Channel_IRQHandler</a> from startup_gd32f403.o(.text) referenced from startup_gd32f403.o(RESET)
 <LI><a href="#[27]">TIMER0_TRG_CMT_TIMER10_IRQHandler</a> from startup_gd32f403.o(.text) referenced from startup_gd32f403.o(RESET)
 <LI><a href="#[26]">TIMER0_UP_TIMER9_IRQHandler</a> from startup_gd32f403.o(.text) referenced from startup_gd32f403.o(RESET)
 <LI><a href="#[29]">TIMER2_IRQHandler</a> from startup_gd32f403.o(.text) referenced from startup_gd32f403.o(RESET)
 <LI><a href="#[2a]">TIMER3_IRQHandler</a> from nvc.o(i.TIMER3_IRQHandler) referenced from startup_gd32f403.o(RESET)
 <LI><a href="#[41]">TIMER5_IRQHandler</a> from startup_gd32f403.o(.text) referenced from startup_gd32f403.o(RESET)
 <LI><a href="#[42]">TIMER6_IRQHandler</a> from startup_gd32f403.o(.text) referenced from startup_gd32f403.o(RESET)
 <LI><a href="#[37]">TIMER7_BRK_TIMER11_IRQHandler</a> from startup_gd32f403.o(.text) referenced from startup_gd32f403.o(RESET)
 <LI><a href="#[3a]">TIMER7_Channel_IRQHandler</a> from startup_gd32f403.o(.text) referenced from startup_gd32f403.o(RESET)
 <LI><a href="#[39]">TIMER7_TRG_CMT_TIMER13_IRQHandler</a> from startup_gd32f403.o(.text) referenced from startup_gd32f403.o(RESET)
 <LI><a href="#[38]">TIMER7_UP_TIMER12_IRQHandler</a> from startup_gd32f403.o(.text) referenced from startup_gd32f403.o(RESET)
 <LI><a href="#[3f]">UART3_IRQHandler</a> from startup_gd32f403.o(.text) referenced from startup_gd32f403.o(RESET)
 <LI><a href="#[40]">UART4_IRQHandler</a> from startup_gd32f403.o(.text) referenced from startup_gd32f403.o(RESET)
 <LI><a href="#[31]">USART0_IRQHandler</a> from gd32f403_it.o(i.USART0_IRQHandler) referenced from startup_gd32f403.o(RESET)
 <LI><a href="#[32]">USART1_IRQHandler</a> from startup_gd32f403.o(.text) referenced from startup_gd32f403.o(RESET)
 <LI><a href="#[33]">USART2_IRQHandler</a> from startup_gd32f403.o(.text) referenced from startup_gd32f403.o(RESET)
 <LI><a href="#[4c]">USBFS_IRQHandler</a> from startup_gd32f403.o(.text) referenced from startup_gd32f403.o(RESET)
 <LI><a href="#[36]">USBFS_WKUP_IRQHandler</a> from startup_gd32f403.o(.text) referenced from startup_gd32f403.o(RESET)
 <LI><a href="#[8]">UsageFault_Handler</a> from gd32f403_it.o(i.UsageFault_Handler) referenced from startup_gd32f403.o(RESET)
 <LI><a href="#[d]">WWDGT_IRQHandler</a> from startup_gd32f403.o(.text) referenced from startup_gd32f403.o(RESET)
 <LI><a href="#[87]">__main</a> from __main.o(!!!main) referenced from startup_gd32f403.o(.text)
 <LI><a href="#[56]">_get_lc_ctype</a> from lc_ctype_c.o(locale$$code) referenced from rt_ctype_table.o(.text)
 <LI><a href="#[53]">_printf_input_char</a> from _printf_char_common.o(.text) referenced from _printf_char_common.o(.text)
 <LI><a href="#[52]">_sbackspace</a> from _sgetc.o(.text) referenced from __0sscanf.o(.text)
 <LI><a href="#[54]">_scanf_char_input</a> from scanf_char.o(.text) referenced from scanf_char.o(.text)
 <LI><a href="#[51]">_sgetc</a> from _sgetc.o(.text) referenced from __0sscanf.o(.text)
 <LI><a href="#[4f]">_snputc</a> from _snputc.o(.text) referenced from vsnprintf.o(.text)
 <LI><a href="#[50]">_sputc</a> from _sputc.o(.text) referenced from __2sprintf.o(.text)
 <LI><a href="#[76]">app_nvc_init</a> from nvc.o(i.app_nvc_init) referenced from nvc.o(.rti_fn.6)
 <LI><a href="#[82]">cmd_free</a> from msh.o(i.cmd_free) referenced from msh.o(FSymTab)
 <LI><a href="#[81]">cmd_ps</a> from msh.o(i.cmd_ps) referenced from msh.o(FSymTab)
 <LI><a href="#[74]">env_hardfault_init</a> from cm_backtrace.o(i.env_hardfault_init) referenced from cm_backtrace.o(.rti_fn.5)
 <LI><a href="#[75]">finsh_system_init</a> from shell.o(i.finsh_system_init) referenced from shell.o(.rti_fn.6)
 <LI><a href="#[5f]">finsh_thread_entry</a> from shell.o(i.finsh_thread_entry) referenced from shell.o(i.finsh_system_init)
 <LI><a href="#[71]">gd32_hw_usart_init</a> from drv_usart.o(i.gd32_hw_usart_init) referenced from drv_usart.o(.rti_fn.1)
 <LI><a href="#[79]">hello</a> from cmd.o(i.hello) referenced from cmd.o(FSymTab)
 <LI><a href="#[55]">isspace</a> from isspace.o(.text) referenced from scanf_char.o(.text)
 <LI><a href="#[58]">led_thread_entry</a> from led.o(i.led_thread_entry) referenced from led.o(i.Led_start)
 <LI><a href="#[7f]">list</a> from cmd.o(i.list) referenced from cmd.o(FSymTab)
 <LI><a href="#[7d]">list_mailbox</a> from cmd.o(i.list_mailbox) referenced 2 times from cmd.o(FSymTab)
 <LI><a href="#[78]">list_mem</a> from mem.o(i.list_mem) referenced from mem.o(FSymTab)
 <LI><a href="#[7c]">list_sem</a> from cmd.o(i.list_sem) referenced 2 times from cmd.o(FSymTab)
 <LI><a href="#[7b]">list_thread</a> from cmd.o(i.list_thread) referenced 2 times from cmd.o(FSymTab)
 <LI><a href="#[7e]">list_timer</a> from cmd.o(i.list_timer) referenced 2 times from cmd.o(FSymTab)
 <LI><a href="#[60]">main_thread_entry</a> from components.o(i.main_thread_entry) referenced from components.o(i.rt_application_init)
 <LI><a href="#[80]">msh_help</a> from msh.o(i.msh_help) referenced from msh.o(FSymTab)
 <LI><a href="#[57]">nfc_ms_timer_cb</a> from fm175xx.o(i.nfc_ms_timer_cb) referenced from fm175xx.o(i.FM17522_Init)
 <LI><a href="#[5c]">rt_thread_exit</a> from thread.o(i.rt_thread_exit) referenced from thread.o(i._rt_thread_init)
 <LI><a href="#[61]">rt_thread_idle_entry</a> from idle.o(i.rt_thread_idle_entry) referenced from idle.o(i.rt_thread_idle_init)
 <LI><a href="#[5d]">rt_thread_timeout</a> from thread.o(i.rt_thread_timeout) referenced from thread.o(i._rt_thread_init)
 <LI><a href="#[73]">rti_board_end</a> from components.o(i.rti_board_end) referenced from components.o(.rti_fn.1.end)
 <LI><a href="#[70]">rti_board_start</a> from components.o(i.rti_board_start) referenced from components.o(.rti_fn.0.end)
 <LI><a href="#[77]">rti_end</a> from components.o(i.rti_end) referenced from components.o(.rti_fn.6.end)
 <LI><a href="#[6f]">rti_start</a> from components.o(i.rti_start) referenced from components.o(.rti_fn.0)
 <LI><a href="#[5b]">thread_nfc_entry</a> from pms.o(i.thread_nfc_entry) referenced from pms.o(i.Pms_init)
 <LI><a href="#[5e]">thread_nvc_entry</a> from nvc.o(i.thread_nvc_entry) referenced from nvc.o(i.app_nvc_init)
 <LI><a href="#[7a]">version</a> from cmd.o(i.version) referenced 2 times from cmd.o(FSymTab)
</UL>
<P>
<H3>
Global Symbols
</H3>
<P><STRONG><a name="[87]"></a>__main</STRONG> (Thumb, 8 bytes, Stack size 0 bytes, __main.o(!!!main))
<BR><BR>[Calls]<UL><LI><a href="#[89]">&gt;&gt;</a>&nbsp;&nbsp;&nbsp;__rt_entry
<LI><a href="#[88]">&gt;&gt;</a>&nbsp;&nbsp;&nbsp;__scatterload
</UL>

<P><STRONG><a name="[88]"></a>__scatterload</STRONG> (Thumb, 0 bytes, Stack size unknown bytes, __scatter.o(!!!scatter))
<BR><BR>[Called By]<UL><LI><a href="#[87]">&gt;&gt;</a>&nbsp;&nbsp;&nbsp;__main
</UL>

<P><STRONG><a name="[8a]"></a>__scatterload_rt2</STRONG> (Thumb, 44 bytes, Stack size unknown bytes, __scatter.o(!!!scatter), UNUSED)
<BR><BR>[Calls]<UL><LI><a href="#[89]">&gt;&gt;</a>&nbsp;&nbsp;&nbsp;__rt_entry
</UL>

<P><STRONG><a name="[21b]"></a>__scatterload_rt2_thumb_only</STRONG> (Thumb, 0 bytes, Stack size unknown bytes, __scatter.o(!!!scatter), UNUSED)

<P><STRONG><a name="[21c]"></a>__scatterload_null</STRONG> (Thumb, 0 bytes, Stack size unknown bytes, __scatter.o(!!!scatter), UNUSED)

<P><STRONG><a name="[21d]"></a>__decompress</STRONG> (Thumb, 90 bytes, Stack size unknown bytes, __dczerorl2.o(!!dczerorl2), UNUSED)

<P><STRONG><a name="[21e]"></a>__decompress1</STRONG> (Thumb, 0 bytes, Stack size unknown bytes, __dczerorl2.o(!!dczerorl2), UNUSED)

<P><STRONG><a name="[21f]"></a>__scatterload_zeroinit</STRONG> (Thumb, 28 bytes, Stack size unknown bytes, __scatter_zi.o(!!handler_zi), UNUSED)

<P><STRONG><a name="[8b]"></a>_printf_n</STRONG> (Thumb, 0 bytes, Stack size unknown bytes, _printf_n.o(.ARM.Collect$$_printf_percent$$00000001))
<BR><BR>[Calls]<UL><LI><a href="#[8c]">&gt;&gt;</a>&nbsp;&nbsp;&nbsp;_printf_charcount
</UL>

<P><STRONG><a name="[cf]"></a>_printf_percent</STRONG> (Thumb, 0 bytes, Stack size unknown bytes, _printf_percent.o(.ARM.Collect$$_printf_percent$$00000000))
<BR><BR>[Called By]<UL><LI><a href="#[cd]">&gt;&gt;</a>&nbsp;&nbsp;&nbsp;__printf
</UL>

<P><STRONG><a name="[8d]"></a>_printf_p</STRONG> (Thumb, 0 bytes, Stack size unknown bytes, _printf_p.o(.ARM.Collect$$_printf_percent$$00000002))
<BR><BR>[Stack]<UL><LI>Max Depth = 64 + Unknown Stack Size
<LI>Call Chain = _printf_p &rArr; _printf_hex_ptr &rArr; _printf_longlong_hex &rArr; _printf_int_common &rArr; _printf_post_padding
</UL>
<BR>[Calls]<UL><LI><a href="#[8e]">&gt;&gt;</a>&nbsp;&nbsp;&nbsp;_printf_hex_ptr
</UL>

<P><STRONG><a name="[8f]"></a>_printf_f</STRONG> (Thumb, 0 bytes, Stack size unknown bytes, _printf_f.o(.ARM.Collect$$_printf_percent$$00000003))
<BR><BR>[Stack]<UL><LI>Max Depth = 324 + Unknown Stack Size
<LI>Call Chain = _printf_f &rArr; _printf_fp_dec &rArr; _printf_fp_dec_real &rArr; _fp_digits &rArr; _btod_etento &rArr; _btod_emul &rArr; _e2e
</UL>
<BR>[Calls]<UL><LI><a href="#[90]">&gt;&gt;</a>&nbsp;&nbsp;&nbsp;_printf_fp_dec
</UL>

<P><STRONG><a name="[91]"></a>_printf_e</STRONG> (Thumb, 0 bytes, Stack size unknown bytes, _printf_e.o(.ARM.Collect$$_printf_percent$$00000004))
<BR><BR>[Stack]<UL><LI>Max Depth = 324 + Unknown Stack Size
<LI>Call Chain = _printf_e &rArr; _printf_fp_dec &rArr; _printf_fp_dec_real &rArr; _fp_digits &rArr; _btod_etento &rArr; _btod_emul &rArr; _e2e
</UL>
<BR>[Calls]<UL><LI><a href="#[90]">&gt;&gt;</a>&nbsp;&nbsp;&nbsp;_printf_fp_dec
</UL>

<P><STRONG><a name="[92]"></a>_printf_g</STRONG> (Thumb, 0 bytes, Stack size unknown bytes, _printf_g.o(.ARM.Collect$$_printf_percent$$00000005))
<BR><BR>[Stack]<UL><LI>Max Depth = 324 + Unknown Stack Size
<LI>Call Chain = _printf_g &rArr; _printf_fp_dec &rArr; _printf_fp_dec_real &rArr; _fp_digits &rArr; _btod_etento &rArr; _btod_emul &rArr; _e2e
</UL>
<BR>[Calls]<UL><LI><a href="#[90]">&gt;&gt;</a>&nbsp;&nbsp;&nbsp;_printf_fp_dec
</UL>

<P><STRONG><a name="[93]"></a>_printf_a</STRONG> (Thumb, 0 bytes, Stack size unknown bytes, _printf_a.o(.ARM.Collect$$_printf_percent$$00000006))
<BR><BR>[Stack]<UL><LI>Max Depth = 112 + Unknown Stack Size
<LI>Call Chain = _printf_a &rArr; _printf_fp_hex &rArr; _printf_fp_hex_real &rArr; _printf_fp_infnan &rArr; _printf_post_padding
</UL>
<BR>[Calls]<UL><LI><a href="#[94]">&gt;&gt;</a>&nbsp;&nbsp;&nbsp;_printf_fp_hex
</UL>

<P><STRONG><a name="[220]"></a>_printf_ll</STRONG> (Thumb, 0 bytes, Stack size unknown bytes, _printf_ll.o(.ARM.Collect$$_printf_percent$$00000007))

<P><STRONG><a name="[95]"></a>_printf_i</STRONG> (Thumb, 0 bytes, Stack size unknown bytes, _printf_i.o(.ARM.Collect$$_printf_percent$$00000008))
<BR><BR>[Stack]<UL><LI>Max Depth = 72 + Unknown Stack Size
<LI>Call Chain = _printf_i &rArr; _printf_int_dec &rArr; _printf_int_common &rArr; _printf_post_padding
</UL>
<BR>[Calls]<UL><LI><a href="#[96]">&gt;&gt;</a>&nbsp;&nbsp;&nbsp;_printf_int_dec
</UL>

<P><STRONG><a name="[97]"></a>_printf_d</STRONG> (Thumb, 0 bytes, Stack size unknown bytes, _printf_d.o(.ARM.Collect$$_printf_percent$$00000009))
<BR><BR>[Stack]<UL><LI>Max Depth = 72 + Unknown Stack Size
<LI>Call Chain = _printf_d &rArr; _printf_int_dec &rArr; _printf_int_common &rArr; _printf_post_padding
</UL>
<BR>[Calls]<UL><LI><a href="#[96]">&gt;&gt;</a>&nbsp;&nbsp;&nbsp;_printf_int_dec
</UL>

<P><STRONG><a name="[98]"></a>_printf_u</STRONG> (Thumb, 0 bytes, Stack size unknown bytes, _printf_u.o(.ARM.Collect$$_printf_percent$$0000000A))
<BR><BR>[Stack]<UL><LI>Max Depth = 72 + Unknown Stack Size
<LI>Call Chain = _printf_u &rArr; _printf_int_dec &rArr; _printf_int_common &rArr; _printf_post_padding
</UL>
<BR>[Calls]<UL><LI><a href="#[96]">&gt;&gt;</a>&nbsp;&nbsp;&nbsp;_printf_int_dec
</UL>

<P><STRONG><a name="[99]"></a>_printf_o</STRONG> (Thumb, 0 bytes, Stack size unknown bytes, _printf_o.o(.ARM.Collect$$_printf_percent$$0000000B))
<BR><BR>[Stack]<UL><LI>Max Depth = 64 + Unknown Stack Size
<LI>Call Chain = _printf_o &rArr; _printf_int_oct &rArr; _printf_longlong_oct &rArr; _printf_int_common &rArr; _printf_post_padding
</UL>
<BR>[Calls]<UL><LI><a href="#[9a]">&gt;&gt;</a>&nbsp;&nbsp;&nbsp;_printf_int_oct
</UL>

<P><STRONG><a name="[9b]"></a>_printf_x</STRONG> (Thumb, 0 bytes, Stack size unknown bytes, _printf_x.o(.ARM.Collect$$_printf_percent$$0000000C))
<BR><BR>[Stack]<UL><LI>Max Depth = 80 + Unknown Stack Size
<LI>Call Chain = _printf_x &rArr; _printf_int_hex &rArr; _printf_longlong_hex &rArr; _printf_int_common &rArr; _printf_post_padding
</UL>
<BR>[Calls]<UL><LI><a href="#[9c]">&gt;&gt;</a>&nbsp;&nbsp;&nbsp;_printf_int_hex
</UL>

<P><STRONG><a name="[9d]"></a>_printf_lli</STRONG> (Thumb, 0 bytes, Stack size unknown bytes, _printf_lli.o(.ARM.Collect$$_printf_percent$$0000000D))
<BR><BR>[Stack]<UL><LI>Max Depth = 72 + Unknown Stack Size
<LI>Call Chain = _printf_lli &rArr; _printf_longlong_dec &rArr; _printf_int_common &rArr; _printf_post_padding
</UL>
<BR>[Calls]<UL><LI><a href="#[9e]">&gt;&gt;</a>&nbsp;&nbsp;&nbsp;_printf_longlong_dec
</UL>

<P><STRONG><a name="[9f]"></a>_printf_lld</STRONG> (Thumb, 0 bytes, Stack size unknown bytes, _printf_lld.o(.ARM.Collect$$_printf_percent$$0000000E))
<BR><BR>[Stack]<UL><LI>Max Depth = 72 + Unknown Stack Size
<LI>Call Chain = _printf_lld &rArr; _printf_longlong_dec &rArr; _printf_int_common &rArr; _printf_post_padding
</UL>
<BR>[Calls]<UL><LI><a href="#[9e]">&gt;&gt;</a>&nbsp;&nbsp;&nbsp;_printf_longlong_dec
</UL>

<P><STRONG><a name="[a0]"></a>_printf_llu</STRONG> (Thumb, 0 bytes, Stack size unknown bytes, _printf_llu.o(.ARM.Collect$$_printf_percent$$0000000F))
<BR><BR>[Stack]<UL><LI>Max Depth = 72 + Unknown Stack Size
<LI>Call Chain = _printf_llu &rArr; _printf_longlong_dec &rArr; _printf_int_common &rArr; _printf_post_padding
</UL>
<BR>[Calls]<UL><LI><a href="#[9e]">&gt;&gt;</a>&nbsp;&nbsp;&nbsp;_printf_longlong_dec
</UL>

<P><STRONG><a name="[a1]"></a>_printf_llo</STRONG> (Thumb, 0 bytes, Stack size unknown bytes, _printf_llo.o(.ARM.Collect$$_printf_percent$$00000010))
<BR><BR>[Stack]<UL><LI>Max Depth = 56 + Unknown Stack Size
<LI>Call Chain = _printf_llo &rArr; _printf_ll_oct &rArr; _printf_longlong_oct &rArr; _printf_int_common &rArr; _printf_post_padding
</UL>
<BR>[Calls]<UL><LI><a href="#[a2]">&gt;&gt;</a>&nbsp;&nbsp;&nbsp;_printf_ll_oct
</UL>

<P><STRONG><a name="[a3]"></a>_printf_llx</STRONG> (Thumb, 0 bytes, Stack size unknown bytes, _printf_llx.o(.ARM.Collect$$_printf_percent$$00000011))
<BR><BR>[Stack]<UL><LI>Max Depth = 64 + Unknown Stack Size
<LI>Call Chain = _printf_llx &rArr; _printf_ll_hex &rArr; _printf_longlong_hex &rArr; _printf_int_common &rArr; _printf_post_padding
</UL>
<BR>[Calls]<UL><LI><a href="#[a4]">&gt;&gt;</a>&nbsp;&nbsp;&nbsp;_printf_ll_hex
</UL>

<P><STRONG><a name="[221]"></a>_printf_l</STRONG> (Thumb, 0 bytes, Stack size unknown bytes, _printf_l.o(.ARM.Collect$$_printf_percent$$00000012))

<P><STRONG><a name="[a5]"></a>_printf_c</STRONG> (Thumb, 0 bytes, Stack size unknown bytes, _printf_c.o(.ARM.Collect$$_printf_percent$$00000013))
<BR><BR>[Stack]<UL><LI>Max Depth = 40 + Unknown Stack Size
<LI>Call Chain = _printf_c &rArr; _printf_char &rArr; _printf_cs_common &rArr; _printf_str &rArr; _printf_post_padding
</UL>
<BR>[Calls]<UL><LI><a href="#[a6]">&gt;&gt;</a>&nbsp;&nbsp;&nbsp;_printf_char
</UL>

<P><STRONG><a name="[a7]"></a>_printf_s</STRONG> (Thumb, 0 bytes, Stack size unknown bytes, _printf_s.o(.ARM.Collect$$_printf_percent$$00000014))
<BR><BR>[Stack]<UL><LI>Max Depth = 40 + Unknown Stack Size
<LI>Call Chain = _printf_s &rArr; _printf_string &rArr; _printf_cs_common &rArr; _printf_str &rArr; _printf_post_padding
</UL>
<BR>[Calls]<UL><LI><a href="#[a8]">&gt;&gt;</a>&nbsp;&nbsp;&nbsp;_printf_string
</UL>

<P><STRONG><a name="[a9]"></a>_printf_lc</STRONG> (Thumb, 0 bytes, Stack size unknown bytes, _printf_lc.o(.ARM.Collect$$_printf_percent$$00000015))
<BR><BR>[Stack]<UL><LI>Max Depth = 88 + Unknown Stack Size
<LI>Call Chain = _printf_lc &rArr; _printf_wchar &rArr; _printf_lcs_common &rArr; _printf_wctomb &rArr; _wcrtomb &rArr; __rt_ctype_table
</UL>
<BR>[Calls]<UL><LI><a href="#[aa]">&gt;&gt;</a>&nbsp;&nbsp;&nbsp;_printf_wchar
</UL>

<P><STRONG><a name="[ab]"></a>_printf_ls</STRONG> (Thumb, 0 bytes, Stack size unknown bytes, _printf_ls.o(.ARM.Collect$$_printf_percent$$00000016))
<BR><BR>[Stack]<UL><LI>Max Depth = 88 + Unknown Stack Size
<LI>Call Chain = _printf_ls &rArr; _printf_wstring &rArr; _printf_lcs_common &rArr; _printf_wctomb &rArr; _wcrtomb &rArr; __rt_ctype_table
</UL>
<BR>[Calls]<UL><LI><a href="#[ac]">&gt;&gt;</a>&nbsp;&nbsp;&nbsp;_printf_wstring
</UL>

<P><STRONG><a name="[222]"></a>_printf_percent_end</STRONG> (Thumb, 0 bytes, Stack size unknown bytes, _printf_percent_end.o(.ARM.Collect$$_printf_percent$$00000017))

<P><STRONG><a name="[b7]"></a>__rt_lib_init</STRONG> (Thumb, 0 bytes, Stack size unknown bytes, libinit.o(.ARM.Collect$$libinit$$00000000))
<BR><BR>[Called By]<UL><LI><a href="#[b6]">&gt;&gt;</a>&nbsp;&nbsp;&nbsp;__rt_entry_li
</UL>

<P><STRONG><a name="[ad]"></a>__rt_lib_init_fp_1</STRONG> (Thumb, 0 bytes, Stack size unknown bytes, libinit2.o(.ARM.Collect$$libinit$$00000001))
<BR><BR>[Calls]<UL><LI><a href="#[ae]">&gt;&gt;</a>&nbsp;&nbsp;&nbsp;_fp_init
</UL>

<P><STRONG><a name="[223]"></a>__rt_lib_init_heap_1</STRONG> (Thumb, 0 bytes, Stack size unknown bytes, libinit2.o(.ARM.Collect$$libinit$$0000000A))

<P><STRONG><a name="[af]"></a>__rt_lib_init_lc_common</STRONG> (Thumb, 0 bytes, Stack size unknown bytes, libinit2.o(.ARM.Collect$$libinit$$0000000F))
<BR><BR>[Calls]<UL><LI><a href="#[b0]">&gt;&gt;</a>&nbsp;&nbsp;&nbsp;__rt_locale
</UL>

<P><STRONG><a name="[224]"></a>__rt_lib_init_preinit_1</STRONG> (Thumb, 0 bytes, Stack size unknown bytes, libinit2.o(.ARM.Collect$$libinit$$00000004))

<P><STRONG><a name="[225]"></a>__rt_lib_init_rand_1</STRONG> (Thumb, 0 bytes, Stack size unknown bytes, libinit2.o(.ARM.Collect$$libinit$$0000000E))

<P><STRONG><a name="[226]"></a>__rt_lib_init_user_alloc_1</STRONG> (Thumb, 0 bytes, Stack size unknown bytes, libinit2.o(.ARM.Collect$$libinit$$0000000C))

<P><STRONG><a name="[227]"></a>__rt_lib_init_lc_collate_1</STRONG> (Thumb, 0 bytes, Stack size unknown bytes, libinit2.o(.ARM.Collect$$libinit$$00000011))

<P><STRONG><a name="[b1]"></a>__rt_lib_init_lc_ctype_2</STRONG> (Thumb, 0 bytes, Stack size unknown bytes, libinit2.o(.ARM.Collect$$libinit$$00000012))
<BR><BR>[Stack]<UL><LI>Max Depth = 8 + Unknown Stack Size
<LI>Call Chain = __rt_lib_init_lc_ctype_2 &rArr; _get_lc_ctype
</UL>
<BR>[Calls]<UL><LI><a href="#[56]">&gt;&gt;</a>&nbsp;&nbsp;&nbsp;_get_lc_ctype
</UL>

<P><STRONG><a name="[228]"></a>__rt_lib_init_lc_ctype_1</STRONG> (Thumb, 0 bytes, Stack size unknown bytes, libinit2.o(.ARM.Collect$$libinit$$00000013))

<P><STRONG><a name="[229]"></a>__rt_lib_init_lc_monetary_1</STRONG> (Thumb, 0 bytes, Stack size unknown bytes, libinit2.o(.ARM.Collect$$libinit$$00000015))

<P><STRONG><a name="[b2]"></a>__rt_lib_init_lc_numeric_2</STRONG> (Thumb, 0 bytes, Stack size unknown bytes, libinit2.o(.ARM.Collect$$libinit$$00000016))
<BR><BR>[Stack]<UL><LI>Max Depth = 8 + Unknown Stack Size
<LI>Call Chain = __rt_lib_init_lc_numeric_2 &rArr; _get_lc_numeric
</UL>
<BR>[Calls]<UL><LI><a href="#[b3]">&gt;&gt;</a>&nbsp;&nbsp;&nbsp;_get_lc_numeric
</UL>

<P><STRONG><a name="[22a]"></a>__rt_lib_init_alloca_1</STRONG> (Thumb, 0 bytes, Stack size unknown bytes, libinit2.o(.ARM.Collect$$libinit$$0000002E))

<P><STRONG><a name="[22b]"></a>__rt_lib_init_argv_1</STRONG> (Thumb, 0 bytes, Stack size unknown bytes, libinit2.o(.ARM.Collect$$libinit$$0000002C))

<P><STRONG><a name="[22c]"></a>__rt_lib_init_atexit_1</STRONG> (Thumb, 0 bytes, Stack size unknown bytes, libinit2.o(.ARM.Collect$$libinit$$0000001B))

<P><STRONG><a name="[22d]"></a>__rt_lib_init_clock_1</STRONG> (Thumb, 0 bytes, Stack size unknown bytes, libinit2.o(.ARM.Collect$$libinit$$00000021))

<P><STRONG><a name="[22e]"></a>__rt_lib_init_cpp_1</STRONG> (Thumb, 0 bytes, Stack size unknown bytes, libinit2.o(.ARM.Collect$$libinit$$00000032))

<P><STRONG><a name="[22f]"></a>__rt_lib_init_exceptions_1</STRONG> (Thumb, 0 bytes, Stack size unknown bytes, libinit2.o(.ARM.Collect$$libinit$$00000030))

<P><STRONG><a name="[230]"></a>__rt_lib_init_fp_trap_1</STRONG> (Thumb, 0 bytes, Stack size unknown bytes, libinit2.o(.ARM.Collect$$libinit$$0000001F))

<P><STRONG><a name="[231]"></a>__rt_lib_init_getenv_1</STRONG> (Thumb, 0 bytes, Stack size unknown bytes, libinit2.o(.ARM.Collect$$libinit$$00000023))

<P><STRONG><a name="[232]"></a>__rt_lib_init_lc_numeric_1</STRONG> (Thumb, 0 bytes, Stack size unknown bytes, libinit2.o(.ARM.Collect$$libinit$$00000017))

<P><STRONG><a name="[233]"></a>__rt_lib_init_lc_time_1</STRONG> (Thumb, 0 bytes, Stack size unknown bytes, libinit2.o(.ARM.Collect$$libinit$$00000019))

<P><STRONG><a name="[234]"></a>__rt_lib_init_return</STRONG> (Thumb, 0 bytes, Stack size unknown bytes, libinit2.o(.ARM.Collect$$libinit$$00000033))

<P><STRONG><a name="[235]"></a>__rt_lib_init_signal_1</STRONG> (Thumb, 0 bytes, Stack size unknown bytes, libinit2.o(.ARM.Collect$$libinit$$0000001D))

<P><STRONG><a name="[236]"></a>__rt_lib_init_stdio_1</STRONG> (Thumb, 0 bytes, Stack size unknown bytes, libinit2.o(.ARM.Collect$$libinit$$00000025))

<P><STRONG><a name="[bc]"></a>__rt_lib_shutdown</STRONG> (Thumb, 0 bytes, Stack size unknown bytes, libshutdown.o(.ARM.Collect$$libshutdown$$00000000))
<BR><BR>[Called By]<UL><LI><a href="#[bb]">&gt;&gt;</a>&nbsp;&nbsp;&nbsp;__rt_exit_ls
</UL>

<P><STRONG><a name="[237]"></a>__rt_lib_shutdown_cpp_1</STRONG> (Thumb, 0 bytes, Stack size unknown bytes, libshutdown2.o(.ARM.Collect$$libshutdown$$00000002))

<P><STRONG><a name="[238]"></a>__rt_lib_shutdown_fp_trap_1</STRONG> (Thumb, 0 bytes, Stack size unknown bytes, libshutdown2.o(.ARM.Collect$$libshutdown$$00000007))

<P><STRONG><a name="[239]"></a>__rt_lib_shutdown_heap_1</STRONG> (Thumb, 0 bytes, Stack size unknown bytes, libshutdown2.o(.ARM.Collect$$libshutdown$$0000000F))

<P><STRONG><a name="[23a]"></a>__rt_lib_shutdown_return</STRONG> (Thumb, 0 bytes, Stack size unknown bytes, libshutdown2.o(.ARM.Collect$$libshutdown$$00000010))

<P><STRONG><a name="[23b]"></a>__rt_lib_shutdown_signal_1</STRONG> (Thumb, 0 bytes, Stack size unknown bytes, libshutdown2.o(.ARM.Collect$$libshutdown$$0000000A))

<P><STRONG><a name="[23c]"></a>__rt_lib_shutdown_stdio_1</STRONG> (Thumb, 0 bytes, Stack size unknown bytes, libshutdown2.o(.ARM.Collect$$libshutdown$$00000004))

<P><STRONG><a name="[23d]"></a>__rt_lib_shutdown_user_alloc_1</STRONG> (Thumb, 0 bytes, Stack size unknown bytes, libshutdown2.o(.ARM.Collect$$libshutdown$$0000000C))

<P><STRONG><a name="[89]"></a>__rt_entry</STRONG> (Thumb, 0 bytes, Stack size unknown bytes, __rtentry.o(.ARM.Collect$$rtentry$$00000000))
<BR><BR>[Called By]<UL><LI><a href="#[87]">&gt;&gt;</a>&nbsp;&nbsp;&nbsp;__main
<LI><a href="#[8a]">&gt;&gt;</a>&nbsp;&nbsp;&nbsp;__scatterload_rt2
</UL>

<P><STRONG><a name="[23e]"></a>__rt_entry_presh_1</STRONG> (Thumb, 0 bytes, Stack size unknown bytes, __rtentry2.o(.ARM.Collect$$rtentry$$00000002))

<P><STRONG><a name="[b4]"></a>__rt_entry_sh</STRONG> (Thumb, 0 bytes, Stack size unknown bytes, __rtentry4.o(.ARM.Collect$$rtentry$$00000004))
<BR><BR>[Stack]<UL><LI>Max Depth = 8 + Unknown Stack Size
<LI>Call Chain = __rt_entry_sh &rArr; __user_setup_stackheap
</UL>
<BR>[Calls]<UL><LI><a href="#[b5]">&gt;&gt;</a>&nbsp;&nbsp;&nbsp;__user_setup_stackheap
</UL>

<P><STRONG><a name="[b6]"></a>__rt_entry_li</STRONG> (Thumb, 0 bytes, Stack size unknown bytes, __rtentry2.o(.ARM.Collect$$rtentry$$0000000A))
<BR><BR>[Calls]<UL><LI><a href="#[b7]">&gt;&gt;</a>&nbsp;&nbsp;&nbsp;__rt_lib_init
</UL>

<P><STRONG><a name="[23f]"></a>__rt_entry_postsh_1</STRONG> (Thumb, 0 bytes, Stack size unknown bytes, __rtentry2.o(.ARM.Collect$$rtentry$$00000009))

<P><STRONG><a name="[b8]"></a>__rt_entry_main</STRONG> (Thumb, 0 bytes, Stack size unknown bytes, __rtentry2.o(.ARM.Collect$$rtentry$$0000000D))
<BR><BR>[Stack]<UL><LI>Max Depth = 300 + Unknown Stack Size
<LI>Call Chain = __rt_entry_main &rArr; main &rArr; rtthread_startup &rArr; rt_application_init &rArr; rt_thread_create &rArr; rt_object_delete &rArr; rt_free &rArr; rt_kprintf &rArr; rt_vsnprintf &rArr; print_number
</UL>
<BR>[Calls]<UL><LI><a href="#[b9]">&gt;&gt;</a>&nbsp;&nbsp;&nbsp;main
<LI><a href="#[ba]">&gt;&gt;</a>&nbsp;&nbsp;&nbsp;exit
</UL>

<P><STRONG><a name="[240]"></a>__rt_entry_postli_1</STRONG> (Thumb, 0 bytes, Stack size unknown bytes, __rtentry2.o(.ARM.Collect$$rtentry$$0000000C))

<P><STRONG><a name="[ea]"></a>__rt_exit</STRONG> (Thumb, 0 bytes, Stack size unknown bytes, rtexit.o(.ARM.Collect$$rtexit$$00000000))
<BR><BR>[Called By]<UL><LI><a href="#[ba]">&gt;&gt;</a>&nbsp;&nbsp;&nbsp;exit
</UL>

<P><STRONG><a name="[bb]"></a>__rt_exit_ls</STRONG> (Thumb, 0 bytes, Stack size unknown bytes, rtexit2.o(.ARM.Collect$$rtexit$$00000003))
<BR><BR>[Calls]<UL><LI><a href="#[bc]">&gt;&gt;</a>&nbsp;&nbsp;&nbsp;__rt_lib_shutdown
</UL>

<P><STRONG><a name="[241]"></a>__rt_exit_prels_1</STRONG> (Thumb, 0 bytes, Stack size unknown bytes, rtexit2.o(.ARM.Collect$$rtexit$$00000002))

<P><STRONG><a name="[bd]"></a>__rt_exit_exit</STRONG> (Thumb, 0 bytes, Stack size unknown bytes, rtexit2.o(.ARM.Collect$$rtexit$$00000004))
<BR><BR>[Calls]<UL><LI><a href="#[be]">&gt;&gt;</a>&nbsp;&nbsp;&nbsp;_sys_exit
</UL>

<P><STRONG><a name="[3]"></a>Reset_Handler</STRONG> (Thumb, 8 bytes, Stack size 0 bytes, startup_gd32f403.o(.text))
<BR>[Address Reference Count : 1]<UL><LI> startup_gd32f403.o(RESET)
</UL>
<P><STRONG><a name="[1f]"></a>ADC0_1_IRQHandler</STRONG> (Thumb, 0 bytes, Stack size 0 bytes, startup_gd32f403.o(.text))
<BR><BR>[Calls]<UL><LI><a href="#[1f]">&gt;&gt;</a>&nbsp;&nbsp;&nbsp;ADC0_1_IRQHandler
</UL>
<BR>[Called By]<UL><LI><a href="#[1f]">&gt;&gt;</a>&nbsp;&nbsp;&nbsp;ADC0_1_IRQHandler
</UL>
<BR>[Address Reference Count : 1]<UL><LI> startup_gd32f403.o(RESET)
</UL>
<P><STRONG><a name="[3b]"></a>ADC2_IRQHandler</STRONG> (Thumb, 0 bytes, Stack size 0 bytes, startup_gd32f403.o(.text))
<BR>[Address Reference Count : 1]<UL><LI> startup_gd32f403.o(RESET)
</UL>
<P><STRONG><a name="[23]"></a>CAN0_EWMC_IRQHandler</STRONG> (Thumb, 0 bytes, Stack size 0 bytes, startup_gd32f403.o(.text))
<BR>[Address Reference Count : 1]<UL><LI> startup_gd32f403.o(RESET)
</UL>
<P><STRONG><a name="[21]"></a>CAN0_RX0_IRQHandler</STRONG> (Thumb, 0 bytes, Stack size 0 bytes, startup_gd32f403.o(.text))
<BR>[Address Reference Count : 1]<UL><LI> startup_gd32f403.o(RESET)
</UL>
<P><STRONG><a name="[22]"></a>CAN0_RX1_IRQHandler</STRONG> (Thumb, 0 bytes, Stack size 0 bytes, startup_gd32f403.o(.text))
<BR>[Address Reference Count : 1]<UL><LI> startup_gd32f403.o(RESET)
</UL>
<P><STRONG><a name="[20]"></a>CAN0_TX_IRQHandler</STRONG> (Thumb, 0 bytes, Stack size 0 bytes, startup_gd32f403.o(.text))
<BR>[Address Reference Count : 1]<UL><LI> startup_gd32f403.o(RESET)
</UL>
<P><STRONG><a name="[4b]"></a>CAN1_EWMC_IRQHandler</STRONG> (Thumb, 0 bytes, Stack size 0 bytes, startup_gd32f403.o(.text))
<BR>[Address Reference Count : 1]<UL><LI> startup_gd32f403.o(RESET)
</UL>
<P><STRONG><a name="[49]"></a>CAN1_RX0_IRQHandler</STRONG> (Thumb, 0 bytes, Stack size 0 bytes, startup_gd32f403.o(.text))
<BR>[Address Reference Count : 1]<UL><LI> startup_gd32f403.o(RESET)
</UL>
<P><STRONG><a name="[4a]"></a>CAN1_RX1_IRQHandler</STRONG> (Thumb, 0 bytes, Stack size 0 bytes, startup_gd32f403.o(.text))
<BR>[Address Reference Count : 1]<UL><LI> startup_gd32f403.o(RESET)
</UL>
<P><STRONG><a name="[48]"></a>CAN1_TX_IRQHandler</STRONG> (Thumb, 0 bytes, Stack size 0 bytes, startup_gd32f403.o(.text))
<BR>[Address Reference Count : 1]<UL><LI> startup_gd32f403.o(RESET)
</UL>
<P><STRONG><a name="[18]"></a>DMA0_Channel0_IRQHandler</STRONG> (Thumb, 0 bytes, Stack size 0 bytes, startup_gd32f403.o(.text))
<BR>[Address Reference Count : 1]<UL><LI> startup_gd32f403.o(RESET)
</UL>
<P><STRONG><a name="[19]"></a>DMA0_Channel1_IRQHandler</STRONG> (Thumb, 0 bytes, Stack size 0 bytes, startup_gd32f403.o(.text))
<BR>[Address Reference Count : 1]<UL><LI> startup_gd32f403.o(RESET)
</UL>
<P><STRONG><a name="[1a]"></a>DMA0_Channel2_IRQHandler</STRONG> (Thumb, 0 bytes, Stack size 0 bytes, startup_gd32f403.o(.text))
<BR>[Address Reference Count : 1]<UL><LI> startup_gd32f403.o(RESET)
</UL>
<P><STRONG><a name="[1b]"></a>DMA0_Channel3_IRQHandler</STRONG> (Thumb, 0 bytes, Stack size 0 bytes, startup_gd32f403.o(.text))
<BR>[Address Reference Count : 1]<UL><LI> startup_gd32f403.o(RESET)
</UL>
<P><STRONG><a name="[1c]"></a>DMA0_Channel4_IRQHandler</STRONG> (Thumb, 0 bytes, Stack size 0 bytes, startup_gd32f403.o(.text))
<BR>[Address Reference Count : 1]<UL><LI> startup_gd32f403.o(RESET)
</UL>
<P><STRONG><a name="[1d]"></a>DMA0_Channel5_IRQHandler</STRONG> (Thumb, 0 bytes, Stack size 0 bytes, startup_gd32f403.o(.text))
<BR>[Address Reference Count : 1]<UL><LI> startup_gd32f403.o(RESET)
</UL>
<P><STRONG><a name="[1e]"></a>DMA0_Channel6_IRQHandler</STRONG> (Thumb, 0 bytes, Stack size 0 bytes, startup_gd32f403.o(.text))
<BR>[Address Reference Count : 1]<UL><LI> startup_gd32f403.o(RESET)
</UL>
<P><STRONG><a name="[43]"></a>DMA1_Channel0_IRQHandler</STRONG> (Thumb, 0 bytes, Stack size 0 bytes, startup_gd32f403.o(.text))
<BR>[Address Reference Count : 1]<UL><LI> startup_gd32f403.o(RESET)
</UL>
<P><STRONG><a name="[44]"></a>DMA1_Channel1_IRQHandler</STRONG> (Thumb, 0 bytes, Stack size 0 bytes, startup_gd32f403.o(.text))
<BR>[Address Reference Count : 1]<UL><LI> startup_gd32f403.o(RESET)
</UL>
<P><STRONG><a name="[45]"></a>DMA1_Channel2_IRQHandler</STRONG> (Thumb, 0 bytes, Stack size 0 bytes, startup_gd32f403.o(.text))
<BR>[Address Reference Count : 1]<UL><LI> startup_gd32f403.o(RESET)
</UL>
<P><STRONG><a name="[46]"></a>DMA1_Channel3_IRQHandler</STRONG> (Thumb, 0 bytes, Stack size 0 bytes, startup_gd32f403.o(.text))
<BR>[Address Reference Count : 1]<UL><LI> startup_gd32f403.o(RESET)
</UL>
<P><STRONG><a name="[47]"></a>DMA1_Channel4_IRQHandler</STRONG> (Thumb, 0 bytes, Stack size 0 bytes, startup_gd32f403.o(.text))
<BR>[Address Reference Count : 1]<UL><LI> startup_gd32f403.o(RESET)
</UL>
<P><STRONG><a name="[3c]"></a>EXMC_IRQHandler</STRONG> (Thumb, 0 bytes, Stack size 0 bytes, startup_gd32f403.o(.text))
<BR>[Address Reference Count : 1]<UL><LI> startup_gd32f403.o(RESET)
</UL>
<P><STRONG><a name="[13]"></a>EXTI0_IRQHandler</STRONG> (Thumb, 0 bytes, Stack size 0 bytes, startup_gd32f403.o(.text))
<BR>[Address Reference Count : 1]<UL><LI> startup_gd32f403.o(RESET)
</UL>
<P><STRONG><a name="[14]"></a>EXTI1_IRQHandler</STRONG> (Thumb, 0 bytes, Stack size 0 bytes, startup_gd32f403.o(.text))
<BR>[Address Reference Count : 1]<UL><LI> startup_gd32f403.o(RESET)
</UL>
<P><STRONG><a name="[15]"></a>EXTI2_IRQHandler</STRONG> (Thumb, 0 bytes, Stack size 0 bytes, startup_gd32f403.o(.text))
<BR>[Address Reference Count : 1]<UL><LI> startup_gd32f403.o(RESET)
</UL>
<P><STRONG><a name="[16]"></a>EXTI3_IRQHandler</STRONG> (Thumb, 0 bytes, Stack size 0 bytes, startup_gd32f403.o(.text))
<BR>[Address Reference Count : 1]<UL><LI> startup_gd32f403.o(RESET)
</UL>
<P><STRONG><a name="[17]"></a>EXTI4_IRQHandler</STRONG> (Thumb, 0 bytes, Stack size 0 bytes, startup_gd32f403.o(.text))
<BR>[Address Reference Count : 1]<UL><LI> startup_gd32f403.o(RESET)
</UL>
<P><STRONG><a name="[11]"></a>FMC_IRQHandler</STRONG> (Thumb, 0 bytes, Stack size 0 bytes, startup_gd32f403.o(.text))
<BR>[Address Reference Count : 1]<UL><LI> startup_gd32f403.o(RESET)
</UL>
<P><STRONG><a name="[2c]"></a>I2C0_ER_IRQHandler</STRONG> (Thumb, 0 bytes, Stack size 0 bytes, startup_gd32f403.o(.text))
<BR>[Address Reference Count : 1]<UL><LI> startup_gd32f403.o(RESET)
</UL>
<P><STRONG><a name="[2b]"></a>I2C0_EV_IRQHandler</STRONG> (Thumb, 0 bytes, Stack size 0 bytes, startup_gd32f403.o(.text))
<BR>[Address Reference Count : 1]<UL><LI> startup_gd32f403.o(RESET)
</UL>
<P><STRONG><a name="[2e]"></a>I2C1_ER_IRQHandler</STRONG> (Thumb, 0 bytes, Stack size 0 bytes, startup_gd32f403.o(.text))
<BR>[Address Reference Count : 1]<UL><LI> startup_gd32f403.o(RESET)
</UL>
<P><STRONG><a name="[2d]"></a>I2C1_EV_IRQHandler</STRONG> (Thumb, 0 bytes, Stack size 0 bytes, startup_gd32f403.o(.text))
<BR>[Address Reference Count : 1]<UL><LI> startup_gd32f403.o(RESET)
</UL>
<P><STRONG><a name="[e]"></a>LVD_IRQHandler</STRONG> (Thumb, 0 bytes, Stack size 0 bytes, startup_gd32f403.o(.text))
<BR>[Address Reference Count : 1]<UL><LI> startup_gd32f403.o(RESET)
</UL>
<P><STRONG><a name="[12]"></a>RCU_CTC_IRQHandler</STRONG> (Thumb, 0 bytes, Stack size 0 bytes, startup_gd32f403.o(.text))
<BR>[Address Reference Count : 1]<UL><LI> startup_gd32f403.o(RESET)
</UL>
<P><STRONG><a name="[3d]"></a>SDIO_IRQHandler</STRONG> (Thumb, 0 bytes, Stack size 0 bytes, startup_gd32f403.o(.text))
<BR>[Address Reference Count : 1]<UL><LI> startup_gd32f403.o(RESET)
</UL>
<P><STRONG><a name="[2f]"></a>SPI0_IRQHandler</STRONG> (Thumb, 0 bytes, Stack size 0 bytes, startup_gd32f403.o(.text))
<BR>[Address Reference Count : 1]<UL><LI> startup_gd32f403.o(RESET)
</UL>
<P><STRONG><a name="[30]"></a>SPI1_IRQHandler</STRONG> (Thumb, 0 bytes, Stack size 0 bytes, startup_gd32f403.o(.text))
<BR>[Address Reference Count : 1]<UL><LI> startup_gd32f403.o(RESET)
</UL>
<P><STRONG><a name="[3e]"></a>SPI2_IRQHandler</STRONG> (Thumb, 0 bytes, Stack size 0 bytes, startup_gd32f403.o(.text))
<BR>[Address Reference Count : 1]<UL><LI> startup_gd32f403.o(RESET)
</UL>
<P><STRONG><a name="[f]"></a>TAMPER_IRQHandler</STRONG> (Thumb, 0 bytes, Stack size 0 bytes, startup_gd32f403.o(.text))
<BR>[Address Reference Count : 1]<UL><LI> startup_gd32f403.o(RESET)
</UL>
<P><STRONG><a name="[25]"></a>TIMER0_BRK_TIMER8_IRQHandler</STRONG> (Thumb, 0 bytes, Stack size 0 bytes, startup_gd32f403.o(.text))
<BR>[Address Reference Count : 1]<UL><LI> startup_gd32f403.o(RESET)
</UL>
<P><STRONG><a name="[28]"></a>TIMER0_Channel_IRQHandler</STRONG> (Thumb, 0 bytes, Stack size 0 bytes, startup_gd32f403.o(.text))
<BR>[Address Reference Count : 1]<UL><LI> startup_gd32f403.o(RESET)
</UL>
<P><STRONG><a name="[27]"></a>TIMER0_TRG_CMT_TIMER10_IRQHandler</STRONG> (Thumb, 0 bytes, Stack size 0 bytes, startup_gd32f403.o(.text))
<BR>[Address Reference Count : 1]<UL><LI> startup_gd32f403.o(RESET)
</UL>
<P><STRONG><a name="[26]"></a>TIMER0_UP_TIMER9_IRQHandler</STRONG> (Thumb, 0 bytes, Stack size 0 bytes, startup_gd32f403.o(.text))
<BR>[Address Reference Count : 1]<UL><LI> startup_gd32f403.o(RESET)
</UL>
<P><STRONG><a name="[29]"></a>TIMER2_IRQHandler</STRONG> (Thumb, 0 bytes, Stack size 0 bytes, startup_gd32f403.o(.text))
<BR>[Address Reference Count : 1]<UL><LI> startup_gd32f403.o(RESET)
</UL>
<P><STRONG><a name="[41]"></a>TIMER5_IRQHandler</STRONG> (Thumb, 0 bytes, Stack size 0 bytes, startup_gd32f403.o(.text))
<BR>[Address Reference Count : 1]<UL><LI> startup_gd32f403.o(RESET)
</UL>
<P><STRONG><a name="[42]"></a>TIMER6_IRQHandler</STRONG> (Thumb, 0 bytes, Stack size 0 bytes, startup_gd32f403.o(.text))
<BR>[Address Reference Count : 1]<UL><LI> startup_gd32f403.o(RESET)
</UL>
<P><STRONG><a name="[37]"></a>TIMER7_BRK_TIMER11_IRQHandler</STRONG> (Thumb, 0 bytes, Stack size 0 bytes, startup_gd32f403.o(.text))
<BR>[Address Reference Count : 1]<UL><LI> startup_gd32f403.o(RESET)
</UL>
<P><STRONG><a name="[3a]"></a>TIMER7_Channel_IRQHandler</STRONG> (Thumb, 0 bytes, Stack size 0 bytes, startup_gd32f403.o(.text))
<BR>[Address Reference Count : 1]<UL><LI> startup_gd32f403.o(RESET)
</UL>
<P><STRONG><a name="[39]"></a>TIMER7_TRG_CMT_TIMER13_IRQHandler</STRONG> (Thumb, 0 bytes, Stack size 0 bytes, startup_gd32f403.o(.text))
<BR>[Address Reference Count : 1]<UL><LI> startup_gd32f403.o(RESET)
</UL>
<P><STRONG><a name="[38]"></a>TIMER7_UP_TIMER12_IRQHandler</STRONG> (Thumb, 0 bytes, Stack size 0 bytes, startup_gd32f403.o(.text))
<BR>[Address Reference Count : 1]<UL><LI> startup_gd32f403.o(RESET)
</UL>
<P><STRONG><a name="[3f]"></a>UART3_IRQHandler</STRONG> (Thumb, 0 bytes, Stack size 0 bytes, startup_gd32f403.o(.text))
<BR>[Address Reference Count : 1]<UL><LI> startup_gd32f403.o(RESET)
</UL>
<P><STRONG><a name="[40]"></a>UART4_IRQHandler</STRONG> (Thumb, 0 bytes, Stack size 0 bytes, startup_gd32f403.o(.text))
<BR>[Address Reference Count : 1]<UL><LI> startup_gd32f403.o(RESET)
</UL>
<P><STRONG><a name="[32]"></a>USART1_IRQHandler</STRONG> (Thumb, 0 bytes, Stack size 0 bytes, startup_gd32f403.o(.text))
<BR>[Address Reference Count : 1]<UL><LI> startup_gd32f403.o(RESET)
</UL>
<P><STRONG><a name="[33]"></a>USART2_IRQHandler</STRONG> (Thumb, 0 bytes, Stack size 0 bytes, startup_gd32f403.o(.text))
<BR>[Address Reference Count : 1]<UL><LI> startup_gd32f403.o(RESET)
</UL>
<P><STRONG><a name="[4c]"></a>USBFS_IRQHandler</STRONG> (Thumb, 0 bytes, Stack size 0 bytes, startup_gd32f403.o(.text))
<BR>[Address Reference Count : 1]<UL><LI> startup_gd32f403.o(RESET)
</UL>
<P><STRONG><a name="[36]"></a>USBFS_WKUP_IRQHandler</STRONG> (Thumb, 0 bytes, Stack size 0 bytes, startup_gd32f403.o(.text))
<BR>[Address Reference Count : 1]<UL><LI> startup_gd32f403.o(RESET)
</UL>
<P><STRONG><a name="[d]"></a>WWDGT_IRQHandler</STRONG> (Thumb, 0 bytes, Stack size 0 bytes, startup_gd32f403.o(.text))
<BR>[Address Reference Count : 1]<UL><LI> startup_gd32f403.o(RESET)
</UL>
<P><STRONG><a name="[e9]"></a>__user_initial_stackheap</STRONG> (Thumb, 10 bytes, Stack size 0 bytes, startup_gd32f403.o(.text))
<BR><BR>[Called By]<UL><LI><a href="#[b5]">&gt;&gt;</a>&nbsp;&nbsp;&nbsp;__user_setup_stackheap
</UL>

<P><STRONG><a name="[1c1]"></a>rt_hw_interrupt_disable</STRONG> (Thumb, 8 bytes, Stack size 0 bytes, context_rvds.o(.text))
<BR><BR>[Called By]<UL><LI><a href="#[1f8]">&gt;&gt;</a>&nbsp;&nbsp;&nbsp;rt_schedule_remove_thread
<LI><a href="#[1f7]">&gt;&gt;</a>&nbsp;&nbsp;&nbsp;rt_schedule_insert_thread
<LI><a href="#[169]">&gt;&gt;</a>&nbsp;&nbsp;&nbsp;rt_interrupt_leave
<LI><a href="#[165]">&gt;&gt;</a>&nbsp;&nbsp;&nbsp;rt_interrupt_enter
<LI><a href="#[10d]">&gt;&gt;</a>&nbsp;&nbsp;&nbsp;rt_timer_start
<LI><a href="#[1e9]">&gt;&gt;</a>&nbsp;&nbsp;&nbsp;rt_thread_suspend
<LI><a href="#[1e7]">&gt;&gt;</a>&nbsp;&nbsp;&nbsp;rt_thread_resume
<LI><a href="#[1d5]">&gt;&gt;</a>&nbsp;&nbsp;&nbsp;rt_schedule
<LI><a href="#[1f3]">&gt;&gt;</a>&nbsp;&nbsp;&nbsp;rt_object_init
<LI><a href="#[1ee]">&gt;&gt;</a>&nbsp;&nbsp;&nbsp;rt_object_allocate
<LI><a href="#[1d7]">&gt;&gt;</a>&nbsp;&nbsp;&nbsp;rt_sem_take
<LI><a href="#[1d9]">&gt;&gt;</a>&nbsp;&nbsp;&nbsp;rt_sem_release
<LI><a href="#[1f2]">&gt;&gt;</a>&nbsp;&nbsp;&nbsp;rt_object_detach
<LI><a href="#[1f0]">&gt;&gt;</a>&nbsp;&nbsp;&nbsp;rt_object_delete
<LI><a href="#[1d4]">&gt;&gt;</a>&nbsp;&nbsp;&nbsp;rt_exit_critical
<LI><a href="#[1d3]">&gt;&gt;</a>&nbsp;&nbsp;&nbsp;rt_enter_critical
<LI><a href="#[206]">&gt;&gt;</a>&nbsp;&nbsp;&nbsp;rt_thread_idle_excute
<LI><a href="#[f0]">&gt;&gt;</a>&nbsp;&nbsp;&nbsp;rtthread_startup
<LI><a href="#[20d]">&gt;&gt;</a>&nbsp;&nbsp;&nbsp;rt_timer_check
<LI><a href="#[20c]">&gt;&gt;</a>&nbsp;&nbsp;&nbsp;rt_thread_yield
<LI><a href="#[7e]">&gt;&gt;</a>&nbsp;&nbsp;&nbsp;list_timer
<LI><a href="#[7b]">&gt;&gt;</a>&nbsp;&nbsp;&nbsp;list_thread
<LI><a href="#[7c]">&gt;&gt;</a>&nbsp;&nbsp;&nbsp;list_sem
<LI><a href="#[7d]">&gt;&gt;</a>&nbsp;&nbsp;&nbsp;list_mailbox
<LI><a href="#[1c0]">&gt;&gt;</a>&nbsp;&nbsp;&nbsp;list_get_next
<LI><a href="#[20b]">&gt;&gt;</a>&nbsp;&nbsp;&nbsp;rt_timer_stop
<LI><a href="#[203]">&gt;&gt;</a>&nbsp;&nbsp;&nbsp;rt_timer_detach
<LI><a href="#[202]">&gt;&gt;</a>&nbsp;&nbsp;&nbsp;rt_thread_sleep
<LI><a href="#[5c]">&gt;&gt;</a>&nbsp;&nbsp;&nbsp;rt_thread_exit
</UL>

<P><STRONG><a name="[1c2]"></a>rt_hw_interrupt_enable</STRONG> (Thumb, 6 bytes, Stack size 0 bytes, context_rvds.o(.text))
<BR><BR>[Called By]<UL><LI><a href="#[1f8]">&gt;&gt;</a>&nbsp;&nbsp;&nbsp;rt_schedule_remove_thread
<LI><a href="#[1f7]">&gt;&gt;</a>&nbsp;&nbsp;&nbsp;rt_schedule_insert_thread
<LI><a href="#[169]">&gt;&gt;</a>&nbsp;&nbsp;&nbsp;rt_interrupt_leave
<LI><a href="#[165]">&gt;&gt;</a>&nbsp;&nbsp;&nbsp;rt_interrupt_enter
<LI><a href="#[10d]">&gt;&gt;</a>&nbsp;&nbsp;&nbsp;rt_timer_start
<LI><a href="#[1e9]">&gt;&gt;</a>&nbsp;&nbsp;&nbsp;rt_thread_suspend
<LI><a href="#[1e7]">&gt;&gt;</a>&nbsp;&nbsp;&nbsp;rt_thread_resume
<LI><a href="#[1d5]">&gt;&gt;</a>&nbsp;&nbsp;&nbsp;rt_schedule
<LI><a href="#[1f3]">&gt;&gt;</a>&nbsp;&nbsp;&nbsp;rt_object_init
<LI><a href="#[1ee]">&gt;&gt;</a>&nbsp;&nbsp;&nbsp;rt_object_allocate
<LI><a href="#[1d7]">&gt;&gt;</a>&nbsp;&nbsp;&nbsp;rt_sem_take
<LI><a href="#[1d9]">&gt;&gt;</a>&nbsp;&nbsp;&nbsp;rt_sem_release
<LI><a href="#[1f2]">&gt;&gt;</a>&nbsp;&nbsp;&nbsp;rt_object_detach
<LI><a href="#[1f0]">&gt;&gt;</a>&nbsp;&nbsp;&nbsp;rt_object_delete
<LI><a href="#[1d4]">&gt;&gt;</a>&nbsp;&nbsp;&nbsp;rt_exit_critical
<LI><a href="#[1d3]">&gt;&gt;</a>&nbsp;&nbsp;&nbsp;rt_enter_critical
<LI><a href="#[206]">&gt;&gt;</a>&nbsp;&nbsp;&nbsp;rt_thread_idle_excute
<LI><a href="#[20d]">&gt;&gt;</a>&nbsp;&nbsp;&nbsp;rt_timer_check
<LI><a href="#[20c]">&gt;&gt;</a>&nbsp;&nbsp;&nbsp;rt_thread_yield
<LI><a href="#[7e]">&gt;&gt;</a>&nbsp;&nbsp;&nbsp;list_timer
<LI><a href="#[7b]">&gt;&gt;</a>&nbsp;&nbsp;&nbsp;list_thread
<LI><a href="#[7c]">&gt;&gt;</a>&nbsp;&nbsp;&nbsp;list_sem
<LI><a href="#[7d]">&gt;&gt;</a>&nbsp;&nbsp;&nbsp;list_mailbox
<LI><a href="#[1c0]">&gt;&gt;</a>&nbsp;&nbsp;&nbsp;list_get_next
<LI><a href="#[20b]">&gt;&gt;</a>&nbsp;&nbsp;&nbsp;rt_timer_stop
<LI><a href="#[203]">&gt;&gt;</a>&nbsp;&nbsp;&nbsp;rt_timer_detach
<LI><a href="#[202]">&gt;&gt;</a>&nbsp;&nbsp;&nbsp;rt_thread_sleep
<LI><a href="#[5c]">&gt;&gt;</a>&nbsp;&nbsp;&nbsp;rt_thread_exit
</UL>

<P><STRONG><a name="[1f5]"></a>rt_hw_context_switch</STRONG> (Thumb, 32 bytes, Stack size 0 bytes, context_rvds.o(.text))
<BR><BR>[Called By]<UL><LI><a href="#[1d5]">&gt;&gt;</a>&nbsp;&nbsp;&nbsp;rt_schedule
</UL>

<P><STRONG><a name="[1f6]"></a>rt_hw_context_switch_interrupt</STRONG> (Thumb, 0 bytes, Stack size 0 bytes, context_rvds.o(.text))
<BR><BR>[Called By]<UL><LI><a href="#[1d5]">&gt;&gt;</a>&nbsp;&nbsp;&nbsp;rt_schedule
</UL>

<P><STRONG><a name="[b]"></a>PendSV_Handler</STRONG> (Thumb, 108 bytes, Stack size 0 bytes, context_rvds.o(.text))
<BR>[Address Reference Count : 1]<UL><LI> startup_gd32f403.o(RESET)
</UL>
<P><STRONG><a name="[200]"></a>rt_hw_context_switch_to</STRONG> (Thumb, 70 bytes, Stack size 0 bytes, context_rvds.o(.text))
<BR><BR>[Called By]<UL><LI><a href="#[1ff]">&gt;&gt;</a>&nbsp;&nbsp;&nbsp;rt_system_scheduler_start
</UL>

<P><STRONG><a name="[5]"></a>HardFault_Handler</STRONG> (Thumb, 12 bytes, Stack size 0 bytes, cmb_fault.o(.text))
<BR><BR>[Stack]<UL><LI>Max Depth = 348 + Unknown Stack Size
<LI>Call Chain = HardFault_Handler &rArr; cm_backtrace_fault &rArr; print_call_stack &rArr; rt_kprintf &rArr; rt_vsnprintf &rArr; print_number
</UL>
<BR>[Calls]<UL><LI><a href="#[bf]">&gt;&gt;</a>&nbsp;&nbsp;&nbsp;cm_backtrace_fault
</UL>
<BR>[Address Reference Count : 1]<UL><LI> startup_gd32f403.o(RESET)
</UL>
<P><STRONG><a name="[c0]"></a>vsnprintf</STRONG> (Thumb, 48 bytes, Stack size 24 bytes, vsnprintf.o(.text))
<BR><BR>[Stack]<UL><LI>Max Depth = 128 + Unknown Stack Size
<LI>Call Chain = vsnprintf &rArr; _printf_char_common &rArr; __printf
</UL>
<BR>[Calls]<UL><LI><a href="#[50]">&gt;&gt;</a>&nbsp;&nbsp;&nbsp;_sputc
<LI><a href="#[c1]">&gt;&gt;</a>&nbsp;&nbsp;&nbsp;_printf_char_common
</UL>
<BR>[Called By]<UL><LI><a href="#[104]">&gt;&gt;</a>&nbsp;&nbsp;&nbsp;_Printf
</UL>

<P><STRONG><a name="[c2]"></a>__2sprintf</STRONG> (Thumb, 38 bytes, Stack size 32 bytes, __2sprintf.o(.text))
<BR><BR>[Stack]<UL><LI>Max Depth = 136 + Unknown Stack Size
<LI>Call Chain = __2sprintf &rArr; _printf_char_common &rArr; __printf
</UL>
<BR>[Calls]<UL><LI><a href="#[50]">&gt;&gt;</a>&nbsp;&nbsp;&nbsp;_sputc
<LI><a href="#[c1]">&gt;&gt;</a>&nbsp;&nbsp;&nbsp;_printf_char_common
</UL>
<BR>[Called By]<UL><LI><a href="#[198]">&gt;&gt;</a>&nbsp;&nbsp;&nbsp;print_call_stack
<LI><a href="#[162]">&gt;&gt;</a>&nbsp;&nbsp;&nbsp;PortPinToPxx
</UL>

<P><STRONG><a name="[c4]"></a>_printf_pre_padding</STRONG> (Thumb, 44 bytes, Stack size 16 bytes, _printf_pad.o(.text))
<BR><BR>[Stack]<UL><LI>Max Depth = 16<LI>Call Chain = _printf_pre_padding
</UL>
<BR>[Called By]<UL><LI><a href="#[e6]">&gt;&gt;</a>&nbsp;&nbsp;&nbsp;_printf_fp_infnan
<LI><a href="#[e7]">&gt;&gt;</a>&nbsp;&nbsp;&nbsp;_printf_fp_hex_real
<LI><a href="#[e4]">&gt;&gt;</a>&nbsp;&nbsp;&nbsp;_printf_fp_dec_real
<LI><a href="#[c8]">&gt;&gt;</a>&nbsp;&nbsp;&nbsp;_printf_int_common
<LI><a href="#[c9]">&gt;&gt;</a>&nbsp;&nbsp;&nbsp;_printf_wctomb
<LI><a href="#[c3]">&gt;&gt;</a>&nbsp;&nbsp;&nbsp;_printf_str
</UL>

<P><STRONG><a name="[c5]"></a>_printf_post_padding</STRONG> (Thumb, 34 bytes, Stack size 16 bytes, _printf_pad.o(.text))
<BR><BR>[Stack]<UL><LI>Max Depth = 16<LI>Call Chain = _printf_post_padding
</UL>
<BR>[Called By]<UL><LI><a href="#[e6]">&gt;&gt;</a>&nbsp;&nbsp;&nbsp;_printf_fp_infnan
<LI><a href="#[e7]">&gt;&gt;</a>&nbsp;&nbsp;&nbsp;_printf_fp_hex_real
<LI><a href="#[e4]">&gt;&gt;</a>&nbsp;&nbsp;&nbsp;_printf_fp_dec_real
<LI><a href="#[c8]">&gt;&gt;</a>&nbsp;&nbsp;&nbsp;_printf_int_common
<LI><a href="#[c9]">&gt;&gt;</a>&nbsp;&nbsp;&nbsp;_printf_wctomb
<LI><a href="#[c3]">&gt;&gt;</a>&nbsp;&nbsp;&nbsp;_printf_str
</UL>

<P><STRONG><a name="[c6]"></a>_printf_truncate_signed</STRONG> (Thumb, 18 bytes, Stack size 0 bytes, _printf_truncate.o(.text))
<BR><BR>[Called By]<UL><LI><a href="#[96]">&gt;&gt;</a>&nbsp;&nbsp;&nbsp;_printf_int_dec
</UL>

<P><STRONG><a name="[c7]"></a>_printf_truncate_unsigned</STRONG> (Thumb, 18 bytes, Stack size 0 bytes, _printf_truncate.o(.text))
<BR><BR>[Called By]<UL><LI><a href="#[9c]">&gt;&gt;</a>&nbsp;&nbsp;&nbsp;_printf_int_hex
<LI><a href="#[9a]">&gt;&gt;</a>&nbsp;&nbsp;&nbsp;_printf_int_oct
<LI><a href="#[96]">&gt;&gt;</a>&nbsp;&nbsp;&nbsp;_printf_int_dec
</UL>

<P><STRONG><a name="[c3]"></a>_printf_str</STRONG> (Thumb, 82 bytes, Stack size 16 bytes, _printf_str.o(.text))
<BR><BR>[Stack]<UL><LI>Max Depth = 32<LI>Call Chain = _printf_str &rArr; _printf_post_padding
</UL>
<BR>[Calls]<UL><LI><a href="#[c5]">&gt;&gt;</a>&nbsp;&nbsp;&nbsp;_printf_post_padding
<LI><a href="#[c4]">&gt;&gt;</a>&nbsp;&nbsp;&nbsp;_printf_pre_padding
</UL>
<BR>[Called By]<UL><LI><a href="#[da]">&gt;&gt;</a>&nbsp;&nbsp;&nbsp;_printf_cs_common
</UL>

<P><STRONG><a name="[96]"></a>_printf_int_dec</STRONG> (Thumb, 104 bytes, Stack size 24 bytes, _printf_dec.o(.text))
<BR><BR>[Stack]<UL><LI>Max Depth = 72<LI>Call Chain = _printf_int_dec &rArr; _printf_int_common &rArr; _printf_post_padding
</UL>
<BR>[Calls]<UL><LI><a href="#[c8]">&gt;&gt;</a>&nbsp;&nbsp;&nbsp;_printf_int_common
<LI><a href="#[c7]">&gt;&gt;</a>&nbsp;&nbsp;&nbsp;_printf_truncate_unsigned
<LI><a href="#[c6]">&gt;&gt;</a>&nbsp;&nbsp;&nbsp;_printf_truncate_signed
</UL>
<BR>[Called By]<UL><LI><a href="#[98]">&gt;&gt;</a>&nbsp;&nbsp;&nbsp;_printf_u
<LI><a href="#[97]">&gt;&gt;</a>&nbsp;&nbsp;&nbsp;_printf_d
<LI><a href="#[95]">&gt;&gt;</a>&nbsp;&nbsp;&nbsp;_printf_i
</UL>

<P><STRONG><a name="[8c]"></a>_printf_charcount</STRONG> (Thumb, 40 bytes, Stack size 0 bytes, _printf_charcount.o(.text))
<BR><BR>[Called By]<UL><LI><a href="#[8b]">&gt;&gt;</a>&nbsp;&nbsp;&nbsp;_printf_n
</UL>

<P><STRONG><a name="[c9]"></a>_printf_wctomb</STRONG> (Thumb, 182 bytes, Stack size 56 bytes, _printf_wctomb.o(.text))
<BR><BR>[Stack]<UL><LI>Max Depth = 80<LI>Call Chain = _printf_wctomb &rArr; _wcrtomb &rArr; __rt_ctype_table
</UL>
<BR>[Calls]<UL><LI><a href="#[ca]">&gt;&gt;</a>&nbsp;&nbsp;&nbsp;_wcrtomb
<LI><a href="#[c5]">&gt;&gt;</a>&nbsp;&nbsp;&nbsp;_printf_post_padding
<LI><a href="#[c4]">&gt;&gt;</a>&nbsp;&nbsp;&nbsp;_printf_pre_padding
</UL>
<BR>[Called By]<UL><LI><a href="#[db]">&gt;&gt;</a>&nbsp;&nbsp;&nbsp;_printf_lcs_common
</UL>

<P><STRONG><a name="[cb]"></a>_printf_longlong_oct</STRONG> (Thumb, 66 bytes, Stack size 8 bytes, _printf_oct_int_ll.o(.text))
<BR><BR>[Stack]<UL><LI>Max Depth = 56<LI>Call Chain = _printf_longlong_oct &rArr; _printf_int_common &rArr; _printf_post_padding
</UL>
<BR>[Calls]<UL><LI><a href="#[c8]">&gt;&gt;</a>&nbsp;&nbsp;&nbsp;_printf_int_common
</UL>
<BR>[Called By]<UL><LI><a href="#[a2]">&gt;&gt;</a>&nbsp;&nbsp;&nbsp;_printf_ll_oct
<LI><a href="#[9a]">&gt;&gt;</a>&nbsp;&nbsp;&nbsp;_printf_int_oct
</UL>

<P><STRONG><a name="[9a]"></a>_printf_int_oct</STRONG> (Thumb, 24 bytes, Stack size 8 bytes, _printf_oct_int_ll.o(.text))
<BR><BR>[Stack]<UL><LI>Max Depth = 64<LI>Call Chain = _printf_int_oct &rArr; _printf_longlong_oct &rArr; _printf_int_common &rArr; _printf_post_padding
</UL>
<BR>[Calls]<UL><LI><a href="#[cb]">&gt;&gt;</a>&nbsp;&nbsp;&nbsp;_printf_longlong_oct
<LI><a href="#[c7]">&gt;&gt;</a>&nbsp;&nbsp;&nbsp;_printf_truncate_unsigned
</UL>
<BR>[Called By]<UL><LI><a href="#[99]">&gt;&gt;</a>&nbsp;&nbsp;&nbsp;_printf_o
</UL>

<P><STRONG><a name="[a2]"></a>_printf_ll_oct</STRONG> (Thumb, 12 bytes, Stack size 0 bytes, _printf_oct_int_ll.o(.text))
<BR><BR>[Stack]<UL><LI>Max Depth = 56<LI>Call Chain = _printf_ll_oct &rArr; _printf_longlong_oct &rArr; _printf_int_common &rArr; _printf_post_padding
</UL>
<BR>[Calls]<UL><LI><a href="#[cb]">&gt;&gt;</a>&nbsp;&nbsp;&nbsp;_printf_longlong_oct
</UL>
<BR>[Called By]<UL><LI><a href="#[a1]">&gt;&gt;</a>&nbsp;&nbsp;&nbsp;_printf_llo
</UL>

<P><STRONG><a name="[cc]"></a>_printf_longlong_hex</STRONG> (Thumb, 86 bytes, Stack size 16 bytes, _printf_hex_int_ll_ptr.o(.text))
<BR><BR>[Stack]<UL><LI>Max Depth = 64<LI>Call Chain = _printf_longlong_hex &rArr; _printf_int_common &rArr; _printf_post_padding
</UL>
<BR>[Calls]<UL><LI><a href="#[c8]">&gt;&gt;</a>&nbsp;&nbsp;&nbsp;_printf_int_common
</UL>
<BR>[Called By]<UL><LI><a href="#[8e]">&gt;&gt;</a>&nbsp;&nbsp;&nbsp;_printf_hex_ptr
<LI><a href="#[a4]">&gt;&gt;</a>&nbsp;&nbsp;&nbsp;_printf_ll_hex
<LI><a href="#[9c]">&gt;&gt;</a>&nbsp;&nbsp;&nbsp;_printf_int_hex
</UL>

<P><STRONG><a name="[9c]"></a>_printf_int_hex</STRONG> (Thumb, 28 bytes, Stack size 16 bytes, _printf_hex_int_ll_ptr.o(.text))
<BR><BR>[Stack]<UL><LI>Max Depth = 80<LI>Call Chain = _printf_int_hex &rArr; _printf_longlong_hex &rArr; _printf_int_common &rArr; _printf_post_padding
</UL>
<BR>[Calls]<UL><LI><a href="#[cc]">&gt;&gt;</a>&nbsp;&nbsp;&nbsp;_printf_longlong_hex
<LI><a href="#[c7]">&gt;&gt;</a>&nbsp;&nbsp;&nbsp;_printf_truncate_unsigned
</UL>
<BR>[Called By]<UL><LI><a href="#[9b]">&gt;&gt;</a>&nbsp;&nbsp;&nbsp;_printf_x
</UL>

<P><STRONG><a name="[a4]"></a>_printf_ll_hex</STRONG> (Thumb, 12 bytes, Stack size 0 bytes, _printf_hex_int_ll_ptr.o(.text))
<BR><BR>[Stack]<UL><LI>Max Depth = 64<LI>Call Chain = _printf_ll_hex &rArr; _printf_longlong_hex &rArr; _printf_int_common &rArr; _printf_post_padding
</UL>
<BR>[Calls]<UL><LI><a href="#[cc]">&gt;&gt;</a>&nbsp;&nbsp;&nbsp;_printf_longlong_hex
</UL>
<BR>[Called By]<UL><LI><a href="#[a3]">&gt;&gt;</a>&nbsp;&nbsp;&nbsp;_printf_llx
</UL>

<P><STRONG><a name="[8e]"></a>_printf_hex_ptr</STRONG> (Thumb, 18 bytes, Stack size 0 bytes, _printf_hex_int_ll_ptr.o(.text))
<BR><BR>[Stack]<UL><LI>Max Depth = 64<LI>Call Chain = _printf_hex_ptr &rArr; _printf_longlong_hex &rArr; _printf_int_common &rArr; _printf_post_padding
</UL>
<BR>[Calls]<UL><LI><a href="#[cc]">&gt;&gt;</a>&nbsp;&nbsp;&nbsp;_printf_longlong_hex
</UL>
<BR>[Called By]<UL><LI><a href="#[8d]">&gt;&gt;</a>&nbsp;&nbsp;&nbsp;_printf_p
</UL>

<P><STRONG><a name="[cd]"></a>__printf</STRONG> (Thumb, 388 bytes, Stack size 40 bytes, __printf_flags_ss_wp.o(.text))
<BR><BR>[Stack]<UL><LI>Max Depth = 40 + Unknown Stack Size
<LI>Call Chain = __printf
</UL>
<BR>[Calls]<UL><LI><a href="#[cf]">&gt;&gt;</a>&nbsp;&nbsp;&nbsp;_printf_percent
<LI><a href="#[ce]">&gt;&gt;</a>&nbsp;&nbsp;&nbsp;_is_digit
</UL>
<BR>[Called By]<UL><LI><a href="#[c1]">&gt;&gt;</a>&nbsp;&nbsp;&nbsp;_printf_char_common
</UL>

<P><STRONG><a name="[d0]"></a>__0sscanf</STRONG> (Thumb, 52 bytes, Stack size 72 bytes, __0sscanf.o(.text))
<BR><BR>[Stack]<UL><LI>Max Depth = 224<LI>Call Chain = __0sscanf &rArr; __vfscanf_char &rArr; __vfscanf &rArr; _scanf_int
</UL>
<BR>[Calls]<UL><LI><a href="#[d1]">&gt;&gt;</a>&nbsp;&nbsp;&nbsp;__vfscanf_char
</UL>
<BR>[Called By]<UL><LI><a href="#[83]">&gt;&gt;</a>&nbsp;&nbsp;&nbsp;Dump
</UL>

<P><STRONG><a name="[d2]"></a>_scanf_int</STRONG> (Thumb, 332 bytes, Stack size 56 bytes, _scanf_int.o(.text))
<BR><BR>[Stack]<UL><LI>Max Depth = 56<LI>Call Chain = _scanf_int
</UL>
<BR>[Calls]<UL><LI><a href="#[d3]">&gt;&gt;</a>&nbsp;&nbsp;&nbsp;_chval
</UL>
<BR>[Called By]<UL><LI><a href="#[dd]">&gt;&gt;</a>&nbsp;&nbsp;&nbsp;__vfscanf
</UL>

<P><STRONG><a name="[12b]"></a>memcmp</STRONG> (Thumb, 88 bytes, Stack size 8 bytes, memcmp.o(.text))
<BR><BR>[Stack]<UL><LI>Max Depth = 8<LI>Call Chain = memcmp
</UL>
<BR>[Called By]<UL><LI><a href="#[12e]">&gt;&gt;</a>&nbsp;&nbsp;&nbsp;Mod_RcvRsp
<LI><a href="#[129]">&gt;&gt;</a>&nbsp;&nbsp;&nbsp;Mod_GetNextSendCmd
</UL>

<P><STRONG><a name="[163]"></a>strcpy</STRONG> (Thumb, 72 bytes, Stack size 12 bytes, strcpy.o(.text))
<BR><BR>[Stack]<UL><LI>Max Depth = 12<LI>Call Chain = strcpy
</UL>
<BR>[Called By]<UL><LI><a href="#[19a]">&gt;&gt;</a>&nbsp;&nbsp;&nbsp;finsh_get_prompt
<LI><a href="#[162]">&gt;&gt;</a>&nbsp;&nbsp;&nbsp;PortPinToPxx
</UL>

<P><STRONG><a name="[1a4]"></a>strlen</STRONG> (Thumb, 62 bytes, Stack size 8 bytes, strlen.o(.text))
<BR><BR>[Stack]<UL><LI>Max Depth = 8<LI>Call Chain = strlen
</UL>
<BR>[Called By]<UL><LI><a href="#[5f]">&gt;&gt;</a>&nbsp;&nbsp;&nbsp;finsh_thread_entry
<LI><a href="#[1cc]">&gt;&gt;</a>&nbsp;&nbsp;&nbsp;msh_auto_complete
</UL>

<P><STRONG><a name="[1bd]"></a>strncmp</STRONG> (Thumb, 150 bytes, Stack size 16 bytes, strncmp.o(.text))
<BR><BR>[Stack]<UL><LI>Max Depth = 16<LI>Call Chain = strncmp
</UL>
<BR>[Called By]<UL><LI><a href="#[80]">&gt;&gt;</a>&nbsp;&nbsp;&nbsp;msh_help
<LI><a href="#[1cc]">&gt;&gt;</a>&nbsp;&nbsp;&nbsp;msh_auto_complete
<LI><a href="#[188]">&gt;&gt;</a>&nbsp;&nbsp;&nbsp;msh_get_cmd
<LI><a href="#[7f]">&gt;&gt;</a>&nbsp;&nbsp;&nbsp;list
</UL>

<P><STRONG><a name="[19c]"></a>strcat</STRONG> (Thumb, 24 bytes, Stack size 0 bytes, strcat.o(.text))
<BR><BR>[Called By]<UL><LI><a href="#[19a]">&gt;&gt;</a>&nbsp;&nbsp;&nbsp;finsh_get_prompt
</UL>

<P><STRONG><a name="[130]"></a>__aeabi_memcpy</STRONG> (Thumb, 0 bytes, Stack size 0 bytes, rt_memcpy_v6.o(.text))
<BR><BR>[Called By]<UL><LI><a href="#[12e]">&gt;&gt;</a>&nbsp;&nbsp;&nbsp;Mod_RcvRsp
<LI><a href="#[138]">&gt;&gt;</a>&nbsp;&nbsp;&nbsp;NfcCardReader_Send
<LI><a href="#[136]">&gt;&gt;</a>&nbsp;&nbsp;&nbsp;Mod_RxData
<LI><a href="#[f7]">&gt;&gt;</a>&nbsp;&nbsp;&nbsp;Mod_ResetCmds
</UL>

<P><STRONG><a name="[d4]"></a>__rt_memcpy</STRONG> (Thumb, 138 bytes, Stack size 0 bytes, rt_memcpy_v6.o(.text), UNUSED)
<BR><BR>[Calls]<UL><LI><a href="#[d5]">&gt;&gt;</a>&nbsp;&nbsp;&nbsp;__aeabi_memcpy4
</UL>

<P><STRONG><a name="[242]"></a>_memcpy_lastbytes</STRONG> (Thumb, 0 bytes, Stack size unknown bytes, rt_memcpy_v6.o(.text), UNUSED)

<P><STRONG><a name="[d5]"></a>__aeabi_memcpy4</STRONG> (Thumb, 0 bytes, Stack size 8 bytes, rt_memcpy_w.o(.text))
<BR><BR>[Stack]<UL><LI>Max Depth = 8<LI>Call Chain = __aeabi_memcpy4
</UL>
<BR>[Called By]<UL><LI><a href="#[7b]">&gt;&gt;</a>&nbsp;&nbsp;&nbsp;list_thread
<LI><a href="#[bf]">&gt;&gt;</a>&nbsp;&nbsp;&nbsp;cm_backtrace_fault
<LI><a href="#[117]">&gt;&gt;</a>&nbsp;&nbsp;&nbsp;GregorianDay
<LI><a href="#[103]">&gt;&gt;</a>&nbsp;&nbsp;&nbsp;RTC_GetDateAndTime
<LI><a href="#[d4]">&gt;&gt;</a>&nbsp;&nbsp;&nbsp;__rt_memcpy
</UL>

<P><STRONG><a name="[243]"></a>__aeabi_memcpy8</STRONG> (Thumb, 0 bytes, Stack size 8 bytes, rt_memcpy_w.o(.text), UNUSED)

<P><STRONG><a name="[244]"></a>__rt_memcpy_w</STRONG> (Thumb, 100 bytes, Stack size 8 bytes, rt_memcpy_w.o(.text), UNUSED)

<P><STRONG><a name="[245]"></a>_memcpy_lastbytes_aligned</STRONG> (Thumb, 0 bytes, Stack size unknown bytes, rt_memcpy_w.o(.text), UNUSED)

<P><STRONG><a name="[d9]"></a>__aeabi_memclr</STRONG> (Thumb, 0 bytes, Stack size 0 bytes, rt_memclr.o(.text))
<BR><BR>[Called By]<UL><LI><a href="#[5f]">&gt;&gt;</a>&nbsp;&nbsp;&nbsp;finsh_thread_entry
<LI><a href="#[f4]">&gt;&gt;</a>&nbsp;&nbsp;&nbsp;Bat_onPlugOut
<LI><a href="#[d8]">&gt;&gt;</a>&nbsp;&nbsp;&nbsp;strncpy
</UL>

<P><STRONG><a name="[d6]"></a>__rt_memclr</STRONG> (Thumb, 68 bytes, Stack size 0 bytes, rt_memclr.o(.text), UNUSED)
<BR><BR>[Calls]<UL><LI><a href="#[d7]">&gt;&gt;</a>&nbsp;&nbsp;&nbsp;_memset_w
</UL>

<P><STRONG><a name="[246]"></a>_memset</STRONG> (Thumb, 0 bytes, Stack size unknown bytes, rt_memclr.o(.text), UNUSED)

<P><STRONG><a name="[f9]"></a>__aeabi_memclr4</STRONG> (Thumb, 0 bytes, Stack size 4 bytes, rt_memclr_w.o(.text))
<BR><BR>[Stack]<UL><LI>Max Depth = 4<LI>Call Chain = __aeabi_memclr4
</UL>
<BR>[Called By]<UL><LI><a href="#[14b]">&gt;&gt;</a>&nbsp;&nbsp;&nbsp;Queue_init
<LI><a href="#[104]">&gt;&gt;</a>&nbsp;&nbsp;&nbsp;_Printf
<LI><a href="#[187]">&gt;&gt;</a>&nbsp;&nbsp;&nbsp;_msh_exec_cmd
<LI><a href="#[71]">&gt;&gt;</a>&nbsp;&nbsp;&nbsp;gd32_hw_usart_init
<LI><a href="#[198]">&gt;&gt;</a>&nbsp;&nbsp;&nbsp;print_call_stack
<LI><a href="#[f8]">&gt;&gt;</a>&nbsp;&nbsp;&nbsp;Bat_init
<LI><a href="#[f4]">&gt;&gt;</a>&nbsp;&nbsp;&nbsp;Bat_onPlugOut
<LI><a href="#[13e]">&gt;&gt;</a>&nbsp;&nbsp;&nbsp;NfcCardReader_init
<LI><a href="#[12c]">&gt;&gt;</a>&nbsp;&nbsp;&nbsp;Mod_Init
<LI><a href="#[14c]">&gt;&gt;</a>&nbsp;&nbsp;&nbsp;Sif_Init
</UL>

<P><STRONG><a name="[247]"></a>__aeabi_memclr8</STRONG> (Thumb, 0 bytes, Stack size 4 bytes, rt_memclr_w.o(.text), UNUSED)

<P><STRONG><a name="[248]"></a>__rt_memclr_w</STRONG> (Thumb, 78 bytes, Stack size 4 bytes, rt_memclr_w.o(.text), UNUSED)

<P><STRONG><a name="[d7]"></a>_memset_w</STRONG> (Thumb, 0 bytes, Stack size unknown bytes, rt_memclr_w.o(.text), UNUSED)
<BR><BR>[Called By]<UL><LI><a href="#[d6]">&gt;&gt;</a>&nbsp;&nbsp;&nbsp;__rt_memclr
</UL>

<P><STRONG><a name="[d8]"></a>strncpy</STRONG> (Thumb, 86 bytes, Stack size 8 bytes, strncpy.o(.text))
<BR><BR>[Stack]<UL><LI>Max Depth = 8<LI>Call Chain = strncpy
</UL>
<BR>[Calls]<UL><LI><a href="#[d9]">&gt;&gt;</a>&nbsp;&nbsp;&nbsp;__aeabi_memclr
</UL>
<BR>[Called By]<UL><LI><a href="#[19a]">&gt;&gt;</a>&nbsp;&nbsp;&nbsp;finsh_get_prompt
<LI><a href="#[199]">&gt;&gt;</a>&nbsp;&nbsp;&nbsp;cm_backtrace_init
</UL>

<P><STRONG><a name="[249]"></a>__use_two_region_memory</STRONG> (Thumb, 2 bytes, Stack size 0 bytes, heapauxi.o(.text), UNUSED)

<P><STRONG><a name="[24a]"></a>__rt_heap_escrow$2region</STRONG> (Thumb, 2 bytes, Stack size 0 bytes, heapauxi.o(.text), UNUSED)

<P><STRONG><a name="[24b]"></a>__rt_heap_expand$2region</STRONG> (Thumb, 2 bytes, Stack size 0 bytes, heapauxi.o(.text), UNUSED)

<P><STRONG><a name="[b0]"></a>__rt_locale</STRONG> (Thumb, 8 bytes, Stack size 0 bytes, rt_locale_intlibspace.o(.text))
<BR><BR>[Called By]<UL><LI><a href="#[af]">&gt;&gt;</a>&nbsp;&nbsp;&nbsp;__rt_lib_init_lc_common
<LI><a href="#[e4]">&gt;&gt;</a>&nbsp;&nbsp;&nbsp;_printf_fp_dec_real
<LI><a href="#[de]">&gt;&gt;</a>&nbsp;&nbsp;&nbsp;__rt_ctype_table
</UL>

<P><STRONG><a name="[c8]"></a>_printf_int_common</STRONG> (Thumb, 178 bytes, Stack size 32 bytes, _printf_intcommon.o(.text))
<BR><BR>[Stack]<UL><LI>Max Depth = 48<LI>Call Chain = _printf_int_common &rArr; _printf_post_padding
</UL>
<BR>[Calls]<UL><LI><a href="#[c5]">&gt;&gt;</a>&nbsp;&nbsp;&nbsp;_printf_post_padding
<LI><a href="#[c4]">&gt;&gt;</a>&nbsp;&nbsp;&nbsp;_printf_pre_padding
</UL>
<BR>[Called By]<UL><LI><a href="#[9e]">&gt;&gt;</a>&nbsp;&nbsp;&nbsp;_printf_longlong_dec
<LI><a href="#[cc]">&gt;&gt;</a>&nbsp;&nbsp;&nbsp;_printf_longlong_hex
<LI><a href="#[cb]">&gt;&gt;</a>&nbsp;&nbsp;&nbsp;_printf_longlong_oct
<LI><a href="#[96]">&gt;&gt;</a>&nbsp;&nbsp;&nbsp;_printf_int_dec
</UL>

<P><STRONG><a name="[c1]"></a>_printf_char_common</STRONG> (Thumb, 32 bytes, Stack size 64 bytes, _printf_char_common.o(.text))
<BR><BR>[Stack]<UL><LI>Max Depth = 104 + Unknown Stack Size
<LI>Call Chain = _printf_char_common &rArr; __printf
</UL>
<BR>[Calls]<UL><LI><a href="#[cd]">&gt;&gt;</a>&nbsp;&nbsp;&nbsp;__printf
</UL>
<BR>[Called By]<UL><LI><a href="#[c2]">&gt;&gt;</a>&nbsp;&nbsp;&nbsp;__2sprintf
<LI><a href="#[c0]">&gt;&gt;</a>&nbsp;&nbsp;&nbsp;vsnprintf
</UL>

<P><STRONG><a name="[50]"></a>_sputc</STRONG> (Thumb, 10 bytes, Stack size 0 bytes, _sputc.o(.text))
<BR><BR>[Called By]<UL><LI><a href="#[c2]">&gt;&gt;</a>&nbsp;&nbsp;&nbsp;__2sprintf
<LI><a href="#[c0]">&gt;&gt;</a>&nbsp;&nbsp;&nbsp;vsnprintf
</UL>
<BR>[Address Reference Count : 1]<UL><LI> __2sprintf.o(.text)
</UL>
<P><STRONG><a name="[4f]"></a>_snputc</STRONG> (Thumb, 16 bytes, Stack size 0 bytes, _snputc.o(.text))
<BR>[Address Reference Count : 1]<UL><LI> vsnprintf.o(.text)
</UL>
<P><STRONG><a name="[da]"></a>_printf_cs_common</STRONG> (Thumb, 20 bytes, Stack size 8 bytes, _printf_char.o(.text))
<BR><BR>[Stack]<UL><LI>Max Depth = 40<LI>Call Chain = _printf_cs_common &rArr; _printf_str &rArr; _printf_post_padding
</UL>
<BR>[Calls]<UL><LI><a href="#[c3]">&gt;&gt;</a>&nbsp;&nbsp;&nbsp;_printf_str
</UL>
<BR>[Called By]<UL><LI><a href="#[a8]">&gt;&gt;</a>&nbsp;&nbsp;&nbsp;_printf_string
<LI><a href="#[a6]">&gt;&gt;</a>&nbsp;&nbsp;&nbsp;_printf_char
</UL>

<P><STRONG><a name="[a6]"></a>_printf_char</STRONG> (Thumb, 16 bytes, Stack size 0 bytes, _printf_char.o(.text))
<BR><BR>[Stack]<UL><LI>Max Depth = 40<LI>Call Chain = _printf_char &rArr; _printf_cs_common &rArr; _printf_str &rArr; _printf_post_padding
</UL>
<BR>[Calls]<UL><LI><a href="#[da]">&gt;&gt;</a>&nbsp;&nbsp;&nbsp;_printf_cs_common
</UL>
<BR>[Called By]<UL><LI><a href="#[a5]">&gt;&gt;</a>&nbsp;&nbsp;&nbsp;_printf_c
</UL>

<P><STRONG><a name="[a8]"></a>_printf_string</STRONG> (Thumb, 8 bytes, Stack size 0 bytes, _printf_char.o(.text))
<BR><BR>[Stack]<UL><LI>Max Depth = 40<LI>Call Chain = _printf_string &rArr; _printf_cs_common &rArr; _printf_str &rArr; _printf_post_padding
</UL>
<BR>[Calls]<UL><LI><a href="#[da]">&gt;&gt;</a>&nbsp;&nbsp;&nbsp;_printf_cs_common
</UL>
<BR>[Called By]<UL><LI><a href="#[a7]">&gt;&gt;</a>&nbsp;&nbsp;&nbsp;_printf_s
</UL>

<P><STRONG><a name="[db]"></a>_printf_lcs_common</STRONG> (Thumb, 20 bytes, Stack size 8 bytes, _printf_wchar.o(.text))
<BR><BR>[Stack]<UL><LI>Max Depth = 88<LI>Call Chain = _printf_lcs_common &rArr; _printf_wctomb &rArr; _wcrtomb &rArr; __rt_ctype_table
</UL>
<BR>[Calls]<UL><LI><a href="#[c9]">&gt;&gt;</a>&nbsp;&nbsp;&nbsp;_printf_wctomb
</UL>
<BR>[Called By]<UL><LI><a href="#[ac]">&gt;&gt;</a>&nbsp;&nbsp;&nbsp;_printf_wstring
<LI><a href="#[aa]">&gt;&gt;</a>&nbsp;&nbsp;&nbsp;_printf_wchar
</UL>

<P><STRONG><a name="[aa]"></a>_printf_wchar</STRONG> (Thumb, 16 bytes, Stack size 0 bytes, _printf_wchar.o(.text))
<BR><BR>[Stack]<UL><LI>Max Depth = 88<LI>Call Chain = _printf_wchar &rArr; _printf_lcs_common &rArr; _printf_wctomb &rArr; _wcrtomb &rArr; __rt_ctype_table
</UL>
<BR>[Calls]<UL><LI><a href="#[db]">&gt;&gt;</a>&nbsp;&nbsp;&nbsp;_printf_lcs_common
</UL>
<BR>[Called By]<UL><LI><a href="#[a9]">&gt;&gt;</a>&nbsp;&nbsp;&nbsp;_printf_lc
</UL>

<P><STRONG><a name="[ac]"></a>_printf_wstring</STRONG> (Thumb, 8 bytes, Stack size 0 bytes, _printf_wchar.o(.text))
<BR><BR>[Stack]<UL><LI>Max Depth = 88<LI>Call Chain = _printf_wstring &rArr; _printf_lcs_common &rArr; _printf_wctomb &rArr; _wcrtomb &rArr; __rt_ctype_table
</UL>
<BR>[Calls]<UL><LI><a href="#[db]">&gt;&gt;</a>&nbsp;&nbsp;&nbsp;_printf_lcs_common
</UL>
<BR>[Called By]<UL><LI><a href="#[ab]">&gt;&gt;</a>&nbsp;&nbsp;&nbsp;_printf_ls
</UL>

<P><STRONG><a name="[9e]"></a>_printf_longlong_dec</STRONG> (Thumb, 108 bytes, Stack size 24 bytes, _printf_longlong_dec.o(.text))
<BR><BR>[Stack]<UL><LI>Max Depth = 72<LI>Call Chain = _printf_longlong_dec &rArr; _printf_int_common &rArr; _printf_post_padding
</UL>
<BR>[Calls]<UL><LI><a href="#[dc]">&gt;&gt;</a>&nbsp;&nbsp;&nbsp;_ll_udiv10
<LI><a href="#[c8]">&gt;&gt;</a>&nbsp;&nbsp;&nbsp;_printf_int_common
</UL>
<BR>[Called By]<UL><LI><a href="#[a0]">&gt;&gt;</a>&nbsp;&nbsp;&nbsp;_printf_llu
<LI><a href="#[9f]">&gt;&gt;</a>&nbsp;&nbsp;&nbsp;_printf_lld
<LI><a href="#[9d]">&gt;&gt;</a>&nbsp;&nbsp;&nbsp;_printf_lli
</UL>

<P><STRONG><a name="[d3]"></a>_chval</STRONG> (Thumb, 28 bytes, Stack size 0 bytes, _chval.o(.text))
<BR><BR>[Called By]<UL><LI><a href="#[d2]">&gt;&gt;</a>&nbsp;&nbsp;&nbsp;_scanf_int
</UL>

<P><STRONG><a name="[d1]"></a>__vfscanf_char</STRONG> (Thumb, 24 bytes, Stack size 0 bytes, scanf_char.o(.text))
<BR><BR>[Stack]<UL><LI>Max Depth = 152<LI>Call Chain = __vfscanf_char &rArr; __vfscanf &rArr; _scanf_int
</UL>
<BR>[Calls]<UL><LI><a href="#[dd]">&gt;&gt;</a>&nbsp;&nbsp;&nbsp;__vfscanf
</UL>
<BR>[Called By]<UL><LI><a href="#[d0]">&gt;&gt;</a>&nbsp;&nbsp;&nbsp;__0sscanf
</UL>

<P><STRONG><a name="[51]"></a>_sgetc</STRONG> (Thumb, 30 bytes, Stack size 0 bytes, _sgetc.o(.text))
<BR>[Address Reference Count : 1]<UL><LI> __0sscanf.o(.text)
</UL>
<P><STRONG><a name="[52]"></a>_sbackspace</STRONG> (Thumb, 34 bytes, Stack size 0 bytes, _sgetc.o(.text))
<BR>[Address Reference Count : 1]<UL><LI> __0sscanf.o(.text)
</UL>
<P><STRONG><a name="[ca]"></a>_wcrtomb</STRONG> (Thumb, 64 bytes, Stack size 16 bytes, _wcrtomb.o(.text))
<BR><BR>[Stack]<UL><LI>Max Depth = 24<LI>Call Chain = _wcrtomb &rArr; __rt_ctype_table
</UL>
<BR>[Calls]<UL><LI><a href="#[de]">&gt;&gt;</a>&nbsp;&nbsp;&nbsp;__rt_ctype_table
</UL>
<BR>[Called By]<UL><LI><a href="#[c9]">&gt;&gt;</a>&nbsp;&nbsp;&nbsp;_printf_wctomb
</UL>

<P><STRONG><a name="[24c]"></a>__user_libspace</STRONG> (Thumb, 8 bytes, Stack size 0 bytes, libspace.o(.text), UNUSED)

<P><STRONG><a name="[e8]"></a>__user_perproc_libspace</STRONG> (Thumb, 0 bytes, Stack size 0 bytes, libspace.o(.text))
<BR><BR>[Called By]<UL><LI><a href="#[b5]">&gt;&gt;</a>&nbsp;&nbsp;&nbsp;__user_setup_stackheap
</UL>

<P><STRONG><a name="[24d]"></a>__user_perthread_libspace</STRONG> (Thumb, 0 bytes, Stack size 0 bytes, libspace.o(.text), UNUSED)

<P><STRONG><a name="[de]"></a>__rt_ctype_table</STRONG> (Thumb, 16 bytes, Stack size 8 bytes, rt_ctype_table.o(.text))
<BR><BR>[Stack]<UL><LI>Max Depth = 8<LI>Call Chain = __rt_ctype_table
</UL>
<BR>[Calls]<UL><LI><a href="#[b0]">&gt;&gt;</a>&nbsp;&nbsp;&nbsp;__rt_locale
</UL>
<BR>[Called By]<UL><LI><a href="#[55]">&gt;&gt;</a>&nbsp;&nbsp;&nbsp;isspace
<LI><a href="#[ca]">&gt;&gt;</a>&nbsp;&nbsp;&nbsp;_wcrtomb
</UL>

<P><STRONG><a name="[dc]"></a>_ll_udiv10</STRONG> (Thumb, 138 bytes, Stack size 12 bytes, lludiv10.o(.text))
<BR><BR>[Stack]<UL><LI>Max Depth = 12<LI>Call Chain = _ll_udiv10
</UL>
<BR>[Called By]<UL><LI><a href="#[df]">&gt;&gt;</a>&nbsp;&nbsp;&nbsp;_fp_digits
<LI><a href="#[9e]">&gt;&gt;</a>&nbsp;&nbsp;&nbsp;_printf_longlong_dec
</UL>

<P><STRONG><a name="[55]"></a>isspace</STRONG> (Thumb, 18 bytes, Stack size 8 bytes, isspace.o(.text))
<BR><BR>[Stack]<UL><LI>Max Depth = 16<LI>Call Chain = isspace &rArr; __rt_ctype_table
</UL>
<BR>[Calls]<UL><LI><a href="#[de]">&gt;&gt;</a>&nbsp;&nbsp;&nbsp;__rt_ctype_table
</UL>
<BR>[Address Reference Count : 1]<UL><LI> scanf_char.o(.text)
</UL>
<P><STRONG><a name="[24e]"></a>__lib_sel_fp_printf</STRONG> (Thumb, 2 bytes, Stack size 0 bytes, _printf_fp_dec.o(.text), UNUSED)

<P><STRONG><a name="[e4]"></a>_printf_fp_dec_real</STRONG> (Thumb, 620 bytes, Stack size 104 bytes, _printf_fp_dec.o(.text))
<BR><BR>[Stack]<UL><LI>Max Depth = 324<LI>Call Chain = _printf_fp_dec_real &rArr; _fp_digits &rArr; _btod_etento &rArr; _btod_emul &rArr; _e2e
</UL>
<BR>[Calls]<UL><LI><a href="#[e5]">&gt;&gt;</a>&nbsp;&nbsp;&nbsp;__ARM_fpclassify
<LI><a href="#[e6]">&gt;&gt;</a>&nbsp;&nbsp;&nbsp;_printf_fp_infnan
<LI><a href="#[df]">&gt;&gt;</a>&nbsp;&nbsp;&nbsp;_fp_digits
<LI><a href="#[b0]">&gt;&gt;</a>&nbsp;&nbsp;&nbsp;__rt_locale
<LI><a href="#[c5]">&gt;&gt;</a>&nbsp;&nbsp;&nbsp;_printf_post_padding
<LI><a href="#[c4]">&gt;&gt;</a>&nbsp;&nbsp;&nbsp;_printf_pre_padding
</UL>
<BR>[Called By]<UL><LI><a href="#[90]">&gt;&gt;</a>&nbsp;&nbsp;&nbsp;_printf_fp_dec
</UL>

<P><STRONG><a name="[e7]"></a>_printf_fp_hex_real</STRONG> (Thumb, 756 bytes, Stack size 72 bytes, _printf_fp_hex.o(.text))
<BR><BR>[Stack]<UL><LI>Max Depth = 112<LI>Call Chain = _printf_fp_hex_real &rArr; _printf_fp_infnan &rArr; _printf_post_padding
</UL>
<BR>[Calls]<UL><LI><a href="#[e5]">&gt;&gt;</a>&nbsp;&nbsp;&nbsp;__ARM_fpclassify
<LI><a href="#[e6]">&gt;&gt;</a>&nbsp;&nbsp;&nbsp;_printf_fp_infnan
<LI><a href="#[c5]">&gt;&gt;</a>&nbsp;&nbsp;&nbsp;_printf_post_padding
<LI><a href="#[c4]">&gt;&gt;</a>&nbsp;&nbsp;&nbsp;_printf_pre_padding
</UL>
<BR>[Called By]<UL><LI><a href="#[94]">&gt;&gt;</a>&nbsp;&nbsp;&nbsp;_printf_fp_hex
</UL>

<P><STRONG><a name="[dd]"></a>__vfscanf</STRONG> (Thumb, 878 bytes, Stack size 96 bytes, _scanf.o(.text))
<BR><BR>[Stack]<UL><LI>Max Depth = 152<LI>Call Chain = __vfscanf &rArr; _scanf_int
</UL>
<BR>[Calls]<UL><LI><a href="#[d2]">&gt;&gt;</a>&nbsp;&nbsp;&nbsp;_scanf_int
</UL>
<BR>[Called By]<UL><LI><a href="#[d1]">&gt;&gt;</a>&nbsp;&nbsp;&nbsp;__vfscanf_char
</UL>

<P><STRONG><a name="[21a]"></a>strcmp</STRONG> (Thumb, 128 bytes, Stack size 0 bytes, strcmpv7m.o(.text))
<BR><BR>[Called By]<UL><LI><a href="#[b3]">&gt;&gt;</a>&nbsp;&nbsp;&nbsp;_get_lc_numeric
<LI><a href="#[56]">&gt;&gt;</a>&nbsp;&nbsp;&nbsp;_get_lc_ctype
</UL>

<P><STRONG><a name="[b5]"></a>__user_setup_stackheap</STRONG> (Thumb, 74 bytes, Stack size 8 bytes, sys_stackheap_outer.o(.text))
<BR><BR>[Stack]<UL><LI>Max Depth = 8<LI>Call Chain = __user_setup_stackheap
</UL>
<BR>[Calls]<UL><LI><a href="#[e9]">&gt;&gt;</a>&nbsp;&nbsp;&nbsp;__user_initial_stackheap
<LI><a href="#[e8]">&gt;&gt;</a>&nbsp;&nbsp;&nbsp;__user_perproc_libspace
</UL>
<BR>[Called By]<UL><LI><a href="#[b4]">&gt;&gt;</a>&nbsp;&nbsp;&nbsp;__rt_entry_sh
</UL>

<P><STRONG><a name="[e6]"></a>_printf_fp_infnan</STRONG> (Thumb, 112 bytes, Stack size 24 bytes, _printf_fp_infnan.o(.text))
<BR><BR>[Stack]<UL><LI>Max Depth = 40<LI>Call Chain = _printf_fp_infnan &rArr; _printf_post_padding
</UL>
<BR>[Calls]<UL><LI><a href="#[c5]">&gt;&gt;</a>&nbsp;&nbsp;&nbsp;_printf_post_padding
<LI><a href="#[c4]">&gt;&gt;</a>&nbsp;&nbsp;&nbsp;_printf_pre_padding
</UL>
<BR>[Called By]<UL><LI><a href="#[e7]">&gt;&gt;</a>&nbsp;&nbsp;&nbsp;_printf_fp_hex_real
<LI><a href="#[e4]">&gt;&gt;</a>&nbsp;&nbsp;&nbsp;_printf_fp_dec_real
</UL>

<P><STRONG><a name="[e0]"></a>_btod_etento</STRONG> (Thumb, 224 bytes, Stack size 72 bytes, bigflt0.o(.text))
<BR><BR>[Stack]<UL><LI>Max Depth = 124<LI>Call Chain = _btod_etento &rArr; _btod_emul &rArr; _e2e
</UL>
[...]
<BR><BR>[Stack]<UL><LI>Max Depth = 188<LI>Call Chain = fault_diagnosis &rArr; rt_kprintf &rArr; rt_vsnprintf &rArr; print_number
</UL>
<BR>[Calls]<UL><LI><a href="#[191]">&gt;&gt;</a>&nbsp;&nbsp;&nbsp;rt_kprintf
</UL>
<BR>[Called By]<UL><LI><a href="#[bf]">&gt;&gt;</a>&nbsp;&nbsp;&nbsp;cm_backtrace_fault
</UL>

<P><STRONG><a name="[198]"></a>print_call_stack</STRONG> (Thumb, 118 bytes, Stack size 88 bytes, cm_backtrace.o(i.print_call_stack))
<BR><BR>[Stack]<UL><LI>Max Depth = 268 + Unknown Stack Size
<LI>Call Chain = print_call_stack &rArr; rt_kprintf &rArr; rt_vsnprintf &rArr; print_number
</UL>
<BR>[Calls]<UL><LI><a href="#[191]">&gt;&gt;</a>&nbsp;&nbsp;&nbsp;rt_kprintf
<LI><a href="#[192]">&gt;&gt;</a>&nbsp;&nbsp;&nbsp;cm_backtrace_call_stack
<LI><a href="#[f9]">&gt;&gt;</a>&nbsp;&nbsp;&nbsp;__aeabi_memclr4
<LI><a href="#[c2]">&gt;&gt;</a>&nbsp;&nbsp;&nbsp;__2sprintf
</UL>
<BR>[Called By]<UL><LI><a href="#[bf]">&gt;&gt;</a>&nbsp;&nbsp;&nbsp;cm_backtrace_fault
</UL>

<P><STRONG><a name="[195]"></a>statck_del_fpu_regs</STRONG> (Thumb, 30 bytes, Stack size 0 bytes, cm_backtrace.o(i.statck_del_fpu_regs))
<BR><BR>[Called By]<UL><LI><a href="#[bf]">&gt;&gt;</a>&nbsp;&nbsp;&nbsp;cm_backtrace_fault
</UL>

<P><STRONG><a name="[83]"></a>Dump</STRONG> (Thumb, 38 bytes, Stack size 16 bytes, smart_shell.o(i.Dump))
<BR><BR>[Stack]<UL><LI>Max Depth = 488 + Unknown Stack Size
<LI>Call Chain = Dump &rArr; DateTime_dump &rArr; _Printf &rArr; vsnprintf &rArr; _printf_char_common &rArr; __printf
</UL>
<BR>[Calls]<UL><LI><a href="#[102]">&gt;&gt;</a>&nbsp;&nbsp;&nbsp;DateTime_dump
<LI><a href="#[d0]">&gt;&gt;</a>&nbsp;&nbsp;&nbsp;__0sscanf
</UL>
<BR>[Address Reference Count : 1]<UL><LI> smart_shell.o(FSymTab)
</UL>
<P><STRONG><a name="[86]"></a>Reset</STRONG> (Thumb, 2 bytes, Stack size 0 bytes, smart_shell.o(i.Reset))
<BR>[Address Reference Count : 1]<UL><LI> smart_shell.o(FSymTab)
</UL>
<P><STRONG><a name="[85]"></a>SelfTest</STRONG> (Thumb, 36 bytes, Stack size 16 bytes, smart_shell.o(i.SelfTest))
<BR><BR>[Stack]<UL><LI>Max Depth = 432 + Unknown Stack Size
<LI>Call Chain = SelfTest &rArr; _Printf &rArr; vsnprintf &rArr; _printf_char_common &rArr; __printf
</UL>
<BR>[Calls]<UL><LI><a href="#[104]">&gt;&gt;</a>&nbsp;&nbsp;&nbsp;_Printf
</UL>
<BR>[Address Reference Count : 1]<UL><LI> smart_shell.o(FSymTab)
</UL>
<P><STRONG><a name="[84]"></a>Set</STRONG> (Thumb, 2 bytes, Stack size 0 bytes, smart_shell.o(i.Set))
<BR>[Address Reference Count : 1]<UL><LI> smart_shell.o(FSymTab)
</UL>
<P><STRONG><a name="[131]"></a>Mod_Event</STRONG> (Thumb, 68 bytes, Stack size 32 bytes, modbus.o(i.Mod_Event))
<BR><BR>[Stack]<UL><LI>Max Depth = 32<LI>Call Chain = Mod_Event
</UL>
<BR>[Called By]<UL><LI><a href="#[132]">&gt;&gt;</a>&nbsp;&nbsp;&nbsp;Mod_RspProc
<LI><a href="#[12e]">&gt;&gt;</a>&nbsp;&nbsp;&nbsp;Mod_RcvRsp
</UL>

<P><STRONG><a name="[129]"></a>Mod_GetNextSendCmd</STRONG> (Thumb, 108 bytes, Stack size 24 bytes, modbus.o(i.Mod_GetNextSendCmd))
<BR><BR>[Stack]<UL><LI>Max Depth = 32<LI>Call Chain = Mod_GetNextSendCmd &rArr; SwTimer_isTimerOutEx
</UL>
<BR>[Calls]<UL><LI><a href="#[12a]">&gt;&gt;</a>&nbsp;&nbsp;&nbsp;SwTimer_isTimerOutEx
<LI><a href="#[12b]">&gt;&gt;</a>&nbsp;&nbsp;&nbsp;memcmp
</UL>
<BR>[Called By]<UL><LI><a href="#[f5]">&gt;&gt;</a>&nbsp;&nbsp;&nbsp;Mod_isIdle
</UL>

<P><STRONG><a name="[12e]"></a>Mod_RcvRsp</STRONG> (Thumb, 250 bytes, Stack size 40 bytes, modbus.o(i.Mod_RcvRsp))
<BR><BR>[Stack]<UL><LI>Max Depth = 480 + Unknown Stack Size
<LI>Call Chain = Mod_RcvRsp &rArr; Mod_getRspData &rArr; _Printf &rArr; vsnprintf &rArr; _printf_char_common &rArr; __printf
</UL>
<BR>[Calls]<UL><LI><a href="#[131]">&gt;&gt;</a>&nbsp;&nbsp;&nbsp;Mod_Event
<LI><a href="#[12f]">&gt;&gt;</a>&nbsp;&nbsp;&nbsp;Mod_getRspData
<LI><a href="#[130]">&gt;&gt;</a>&nbsp;&nbsp;&nbsp;__aeabi_memcpy
<LI><a href="#[12b]">&gt;&gt;</a>&nbsp;&nbsp;&nbsp;memcmp
</UL>
<BR>[Called By]<UL><LI><a href="#[132]">&gt;&gt;</a>&nbsp;&nbsp;&nbsp;Mod_RspProc
</UL>

<P><STRONG><a name="[133]"></a>Mod_ResetRxBuf</STRONG> (Thumb, 2 bytes, Stack size 0 bytes, modbus.o(i.Mod_ResetRxBuf))
<BR><BR>[Called By]<UL><LI><a href="#[f6]">&gt;&gt;</a>&nbsp;&nbsp;&nbsp;Mod_Reset
</UL>

<P><STRONG><a name="[134]"></a>Mod_ResetTxBuf</STRONG> (Thumb, 10 bytes, Stack size 0 bytes, modbus.o(i.Mod_ResetTxBuf))
<BR><BR>[Called By]<UL><LI><a href="#[132]">&gt;&gt;</a>&nbsp;&nbsp;&nbsp;Mod_RspProc
<LI><a href="#[f6]">&gt;&gt;</a>&nbsp;&nbsp;&nbsp;Mod_Reset
</UL>

<P><STRONG><a name="[132]"></a>Mod_RspProc</STRONG> (Thumb, 88 bytes, Stack size 24 bytes, modbus.o(i.Mod_RspProc))
<BR><BR>[Stack]<UL><LI>Max Depth = 504 + Unknown Stack Size
<LI>Call Chain = Mod_RspProc &rArr; Mod_RcvRsp &rArr; Mod_getRspData &rArr; _Printf &rArr; vsnprintf &rArr; _printf_char_common &rArr; __printf
</UL>
<BR>[Calls]<UL><LI><a href="#[135]">&gt;&gt;</a>&nbsp;&nbsp;&nbsp;SwTimer_Stop
<LI><a href="#[134]">&gt;&gt;</a>&nbsp;&nbsp;&nbsp;Mod_ResetTxBuf
<LI><a href="#[12e]">&gt;&gt;</a>&nbsp;&nbsp;&nbsp;Mod_RcvRsp
<LI><a href="#[131]">&gt;&gt;</a>&nbsp;&nbsp;&nbsp;Mod_Event
</UL>
<BR>[Called By]<UL><LI><a href="#[f6]">&gt;&gt;</a>&nbsp;&nbsp;&nbsp;Mod_Reset
</UL>

<P><STRONG><a name="[145]"></a>NfcCardReader_findStatusProcFun</STRONG> (Thumb, 42 bytes, Stack size 8 bytes, nfccardreader.o(i.NfcCardReader_findStatusProcFun))
<BR><BR>[Stack]<UL><LI>Max Depth = 8<LI>Call Chain = NfcCardReader_findStatusProcFun
</UL>
<BR>[Called By]<UL><LI><a href="#[13d]">&gt;&gt;</a>&nbsp;&nbsp;&nbsp;NfcCardReader_switchStatus
</UL>

<P><STRONG><a name="[139]"></a>NfcCardReader_fsm</STRONG> (Thumb, 24 bytes, Stack size 16 bytes, nfccardreader.o(i.NfcCardReader_fsm))
<BR><BR>[Stack]<UL><LI>Max Depth = 16<LI>Call Chain = NfcCardReader_fsm
</UL>
<BR>[Called By]<UL><LI><a href="#[13f]">&gt;&gt;</a>&nbsp;&nbsp;&nbsp;NfcCardReader_run
<LI><a href="#[138]">&gt;&gt;</a>&nbsp;&nbsp;&nbsp;NfcCardReader_Send
</UL>

<P><STRONG><a name="[63]"></a>NfcCardReader_fsm_sleep</STRONG> (Thumb, 102 bytes, Stack size 16 bytes, nfccardreader.o(i.NfcCardReader_fsm_sleep))
<BR><BR>[Stack]<UL><LI>Max Depth = 648 + Unknown Stack Size
<LI>Call Chain = NfcCardReader_fsm_sleep &rArr; NfcCardReader_searchPort &rArr; TypeA_CardActivate &rArr; TypeA_Select &rArr; Pcd_Comm &rArr; Write_FIFO &rArr; i2c_write_fm17522_fifo &rArr; gd32_i2c_write &rArr; Resume_IIC &rArr; I2C_init &rArr; i2c_clock_config &rArr; rcu_clock_freq_get
</UL>
<BR>[Calls]<UL><LI><a href="#[12a]">&gt;&gt;</a>&nbsp;&nbsp;&nbsp;SwTimer_isTimerOutEx
<LI><a href="#[13a]">&gt;&gt;</a>&nbsp;&nbsp;&nbsp;NfcCardReader_searchPort
</UL>
<BR>[Address Reference Count : 1]<UL><LI> nfccardreader.o(.constdata)
</UL>
<P><STRONG><a name="[64]"></a>NfcCardReader_fsm_trans</STRONG> (Thumb, 140 bytes, Stack size 24 bytes, nfccardreader.o(i.NfcCardReader_fsm_trans))
<BR><BR>[Stack]<UL><LI>Max Depth = 656 + Unknown Stack Size
<LI>Call Chain = NfcCardReader_fsm_trans &rArr; NfcCardReader_searchPort &rArr; TypeA_CardActivate &rArr; TypeA_Select &rArr; Pcd_Comm &rArr; Write_FIFO &rArr; i2c_write_fm17522_fifo &rArr; gd32_i2c_write &rArr; Resume_IIC &rArr; I2C_init &rArr; i2c_clock_config &rArr; rcu_clock_freq_get
</UL>
<BR>[Calls]<UL><LI><a href="#[13b]">&gt;&gt;</a>&nbsp;&nbsp;&nbsp;Pcd_SetTimer
<LI><a href="#[13c]">&gt;&gt;</a>&nbsp;&nbsp;&nbsp;Pcd_Comm
<LI><a href="#[13d]">&gt;&gt;</a>&nbsp;&nbsp;&nbsp;NfcCardReader_switchStatus
<LI><a href="#[13a]">&gt;&gt;</a>&nbsp;&nbsp;&nbsp;NfcCardReader_searchPort
</UL>
<BR>[Address Reference Count : 1]<UL><LI> nfccardreader.o(.constdata)
</UL>
<P><STRONG><a name="[13a]"></a>NfcCardReader_searchPort</STRONG> (Thumb, 166 bytes, Stack size 16 bytes, nfccardreader.o(i.NfcCardReader_searchPort))
<BR><BR>[Stack]<UL><LI>Max Depth = 632 + Unknown Stack Size
<LI>Call Chain = NfcCardReader_searchPort &rArr; TypeA_CardActivate &rArr; TypeA_Select &rArr; Pcd_Comm &rArr; Write_FIFO &rArr; i2c_write_fm17522_fifo &rArr; gd32_i2c_write &rArr; Resume_IIC &rArr; I2C_init &rArr; i2c_clock_config &rArr; rcu_clock_freq_get
</UL>
<BR>[Calls]<UL><LI><a href="#[143]">&gt;&gt;</a>&nbsp;&nbsp;&nbsp;TypeA_RATS
<LI><a href="#[142]">&gt;&gt;</a>&nbsp;&nbsp;&nbsp;TypeA_CardActivate
<LI><a href="#[140]">&gt;&gt;</a>&nbsp;&nbsp;&nbsp;Set_Rf
<LI><a href="#[141]">&gt;&gt;</a>&nbsp;&nbsp;&nbsp;Pcd_ConfigISOType
<LI><a href="#[110]">&gt;&gt;</a>&nbsp;&nbsp;&nbsp;FM175XX_switchPort
<LI><a href="#[10f]">&gt;&gt;</a>&nbsp;&nbsp;&nbsp;FM175XX_SoftReset
<LI><a href="#[10e]">&gt;&gt;</a>&nbsp;&nbsp;&nbsp;FM175XX_SoftPowerdown
<LI><a href="#[107]">&gt;&gt;</a>&nbsp;&nbsp;&nbsp;FM17522_Delayms
<LI><a href="#[13d]">&gt;&gt;</a>&nbsp;&nbsp;&nbsp;NfcCardReader_switchStatus
</UL>
<BR>[Called By]<UL><LI><a href="#[64]">&gt;&gt;</a>&nbsp;&nbsp;&nbsp;NfcCardReader_fsm_trans
<LI><a href="#[63]">&gt;&gt;</a>&nbsp;&nbsp;&nbsp;NfcCardReader_fsm_sleep
</UL>

<P><STRONG><a name="[13d]"></a>NfcCardReader_switchStatus</STRONG> (Thumb, 40 bytes, Stack size 16 bytes, nfccardreader.o(i.NfcCardReader_switchStatus))
<BR><BR>[Stack]<UL><LI>Max Depth = 288<LI>Call Chain = NfcCardReader_switchStatus &rArr; FM175XX_SoftPowerdown &rArr; Set_BitMask &rArr; Write_Reg &rArr; i2c_write_fm17522_reg &rArr; gd32_i2c_write &rArr; Resume_IIC &rArr; I2C_init &rArr; i2c_clock_config &rArr; rcu_clock_freq_get
</UL>
<BR>[Calls]<UL><LI><a href="#[10e]">&gt;&gt;</a>&nbsp;&nbsp;&nbsp;FM175XX_SoftPowerdown
<LI><a href="#[145]">&gt;&gt;</a>&nbsp;&nbsp;&nbsp;NfcCardReader_findStatusProcFun
</UL>
<BR>[Called By]<UL><LI><a href="#[144]">&gt;&gt;</a>&nbsp;&nbsp;&nbsp;NfcCardReader_start
<LI><a href="#[13a]">&gt;&gt;</a>&nbsp;&nbsp;&nbsp;NfcCardReader_searchPort
<LI><a href="#[64]">&gt;&gt;</a>&nbsp;&nbsp;&nbsp;NfcCardReader_fsm_trans
</UL>

<P><STRONG><a name="[57]"></a>nfc_ms_timer_cb</STRONG> (Thumb, 10 bytes, Stack size 4 bytes, fm175xx.o(i.nfc_ms_timer_cb))
<BR><BR>[Stack]<UL><LI>Max Depth = 4<LI>Call Chain = nfc_ms_timer_cb
</UL>
<BR>[Calls]<UL><LI><a href="#[1cf]">&gt;&gt;</a>&nbsp;&nbsp;&nbsp;Pcd_Comm_timer_cb
</UL>
<BR>[Address Reference Count : 1]<UL><LI> fm175xx.o(i.FM17522_Init)
</UL>
<P><STRONG><a name="[f1]"></a>Bat_fsm</STRONG> (Thumb, 192 bytes, Stack size 24 bytes, battery.o(i.Bat_fsm))
<BR><BR>[Stack]<UL><LI>Max Depth = 544 + Unknown Stack Size
<LI>Call Chain = Bat_fsm &rArr; Bat_onPlugOut &rArr;  Bat_fsm (Cycle)
</UL>
<BR>[Calls]<UL><LI><a href="#[f2]">&gt;&gt;</a>&nbsp;&nbsp;&nbsp;Bat_switchStatus
<LI><a href="#[f3]">&gt;&gt;</a>&nbsp;&nbsp;&nbsp;Bat_sendCmd
<LI><a href="#[f4]">&gt;&gt;</a>&nbsp;&nbsp;&nbsp;Bat_onPlugOut
</UL>
<BR>[Called By]<UL><LI><a href="#[fa]">&gt;&gt;</a>&nbsp;&nbsp;&nbsp;Bat_msg
<LI><a href="#[69]">&gt;&gt;</a>&nbsp;&nbsp;&nbsp;Bat_event
<LI><a href="#[f4]">&gt;&gt;</a>&nbsp;&nbsp;&nbsp;Bat_onPlugOut
<LI><a href="#[66]">&gt;&gt;</a>&nbsp;&nbsp;&nbsp;Bat_fsm_readInfo
</UL>

<P><STRONG><a name="[65]"></a>Bat_fsm_init</STRONG> (Thumb, 82 bytes, Stack size 24 bytes, battery.o(i.Bat_fsm_init))
<BR><BR>[Stack]<UL><LI>Max Depth = 80<LI>Call Chain = Bat_fsm_init &rArr; Bat_switchStatus &rArr; Bat_sendCmd &rArr; Mod_SendCmd &rArr; Mod_FindCmdItem
</UL>
<BR>[Calls]<UL><LI><a href="#[f2]">&gt;&gt;</a>&nbsp;&nbsp;&nbsp;Bat_switchStatus
<LI><a href="#[f3]">&gt;&gt;</a>&nbsp;&nbsp;&nbsp;Bat_sendCmd
</UL>
<BR>[Address Reference Count : 1]<UL><LI> battery.o(.constdata)
</UL>
<P><STRONG><a name="[66]"></a>Bat_fsm_readInfo</STRONG> (Thumb, 82 bytes, Stack size 24 bytes, battery.o(i.Bat_fsm_readInfo))
<BR><BR>[Stack]<UL><LI>Max Depth = 568 + Unknown Stack Size
<LI>Call Chain = Bat_fsm_readInfo &rArr; Bat_fsm &rArr; Bat_onPlugOut &rArr;  Bat_fsm (Cycle)
</UL>
<BR>[Calls]<UL><LI><a href="#[f2]">&gt;&gt;</a>&nbsp;&nbsp;&nbsp;Bat_switchStatus
<LI><a href="#[f1]">&gt;&gt;</a>&nbsp;&nbsp;&nbsp;Bat_fsm
<LI><a href="#[f5]">&gt;&gt;</a>&nbsp;&nbsp;&nbsp;Mod_isIdle
<LI><a href="#[f7]">&gt;&gt;</a>&nbsp;&nbsp;&nbsp;Mod_ResetCmds
<LI><a href="#[f6]">&gt;&gt;</a>&nbsp;&nbsp;&nbsp;Mod_Reset
</UL>
<BR>[Address Reference Count : 1]<UL><LI> battery.o(.constdata)
</UL>
<P><STRONG><a name="[f4]"></a>Bat_onPlugOut</STRONG> (Thumb, 74 bytes, Stack size 8 bytes, battery.o(i.Bat_onPlugOut))
<BR><BR>[Stack]<UL><LI>Max Depth = 520 + Unknown Stack Size
 + In Cycle
<LI>Call Chain = Bat_onPlugOut &rArr;  Bat_fsm (Cycle)
</UL>
<BR>[Calls]<UL><LI><a href="#[f1]">&gt;&gt;</a>&nbsp;&nbsp;&nbsp;Bat_fsm
<LI><a href="#[f7]">&gt;&gt;</a>&nbsp;&nbsp;&nbsp;Mod_ResetCmds
<LI><a href="#[f6]">&gt;&gt;</a>&nbsp;&nbsp;&nbsp;Mod_Reset
<LI><a href="#[f9]">&gt;&gt;</a>&nbsp;&nbsp;&nbsp;__aeabi_memclr4
<LI><a href="#[d9]">&gt;&gt;</a>&nbsp;&nbsp;&nbsp;__aeabi_memclr
</UL>
<BR>[Called By]<UL><LI><a href="#[f1]">&gt;&gt;</a>&nbsp;&nbsp;&nbsp;Bat_fsm
</UL>

<P><STRONG><a name="[f3]"></a>Bat_sendCmd</STRONG> (Thumb, 18 bytes, Stack size 16 bytes, battery.o(i.Bat_sendCmd))
<BR><BR>[Stack]<UL><LI>Max Depth = 40<LI>Call Chain = Bat_sendCmd &rArr; Mod_SendCmd &rArr; Mod_FindCmdItem
</UL>
<BR>[Calls]<UL><LI><a href="#[fb]">&gt;&gt;</a>&nbsp;&nbsp;&nbsp;Mod_SendCmd
</UL>
<BR>[Called By]<UL><LI><a href="#[fc]">&gt;&gt;</a>&nbsp;&nbsp;&nbsp;Bat_setDischg
<LI><a href="#[69]">&gt;&gt;</a>&nbsp;&nbsp;&nbsp;Bat_event
<LI><a href="#[f2]">&gt;&gt;</a>&nbsp;&nbsp;&nbsp;Bat_switchStatus
<LI><a href="#[65]">&gt;&gt;</a>&nbsp;&nbsp;&nbsp;Bat_fsm_init
<LI><a href="#[f1]">&gt;&gt;</a>&nbsp;&nbsp;&nbsp;Bat_fsm
</UL>

<P><STRONG><a name="[f2]"></a>Bat_switchStatus</STRONG> (Thumb, 86 bytes, Stack size 16 bytes, battery.o(i.Bat_switchStatus))
<BR><BR>[Stack]<UL><LI>Max Depth = 56<LI>Call Chain = Bat_switchStatus &rArr; Bat_sendCmd &rArr; Mod_SendCmd &rArr; Mod_FindCmdItem
</UL>
<BR>[Calls]<UL><LI><a href="#[f3]">&gt;&gt;</a>&nbsp;&nbsp;&nbsp;Bat_sendCmd
<LI><a href="#[f7]">&gt;&gt;</a>&nbsp;&nbsp;&nbsp;Mod_ResetCmds
</UL>
<BR>[Called By]<UL><LI><a href="#[69]">&gt;&gt;</a>&nbsp;&nbsp;&nbsp;Bat_event
<LI><a href="#[66]">&gt;&gt;</a>&nbsp;&nbsp;&nbsp;Bat_fsm_readInfo
<LI><a href="#[65]">&gt;&gt;</a>&nbsp;&nbsp;&nbsp;Bat_fsm_init
<LI><a href="#[f1]">&gt;&gt;</a>&nbsp;&nbsp;&nbsp;Bat_fsm
</UL>

<P><STRONG><a name="[68]"></a>Pms_Tx</STRONG> (Thumb, 26 bytes, Stack size 16 bytes, pms.o(i.Pms_Tx))
<BR><BR>[Stack]<UL><LI>Max Depth = 56<LI>Call Chain = Pms_Tx &rArr; NfcCardReader_Send &rArr; NfcCardReader_fsm
</UL>
<BR>[Calls]<UL><LI><a href="#[138]">&gt;&gt;</a>&nbsp;&nbsp;&nbsp;NfcCardReader_Send
</UL>
<BR>[Address Reference Count : 1]<UL><LI> pms.o(.constdata)
</UL>
<P><STRONG><a name="[15b]"></a>Pms_findStatusProcFun</STRONG> (Thumb, 62 bytes, Stack size 16 bytes, pms.o(i.Pms_findStatusProcFun))
<BR><BR>[Stack]<UL><LI>Max Depth = 432 + Unknown Stack Size
<LI>Call Chain = Pms_findStatusProcFun &rArr; _Printf &rArr; vsnprintf &rArr; _printf_char_common &rArr; __printf
</UL>
<BR>[Calls]<UL><LI><a href="#[104]">&gt;&gt;</a>&nbsp;&nbsp;&nbsp;_Printf
</UL>
<BR>[Called By]<UL><LI><a href="#[15c]">&gt;&gt;</a>&nbsp;&nbsp;&nbsp;Pms_switchStatus
</UL>

<P><STRONG><a name="[6e]"></a>Pms_fsm_CANErr</STRONG> (Thumb, 2 bytes, Stack size 0 bytes, pms.o(i.Pms_fsm_CANErr))
<BR>[Address Reference Count : 1]<UL><LI> pms.o(.constdata)
</UL>
<P><STRONG><a name="[6a]"></a>Pms_fsm_accOff</STRONG> (Thumb, 64 bytes, Stack size 16 bytes, pms.o(i.Pms_fsm_accOff))
<BR><BR>[Stack]<UL><LI>Max Depth = 592 + Unknown Stack Size
<LI>Call Chain = Pms_fsm_accOff &rArr; Pms_plugOut &rArr; Bat_msg &rArr; Bat_fsm &rArr; Bat_onPlugOut &rArr;  Bat_fsm (Cycle)
</UL>
<BR>[Calls]<UL><LI><a href="#[15e]">&gt;&gt;</a>&nbsp;&nbsp;&nbsp;Pms_plugOut
<LI><a href="#[15d]">&gt;&gt;</a>&nbsp;&nbsp;&nbsp;Pms_plugIn
<LI><a href="#[15c]">&gt;&gt;</a>&nbsp;&nbsp;&nbsp;Pms_switchStatus
</UL>
<BR>[Address Reference Count : 1]<UL><LI> pms.o(.constdata)
</UL>
<P><STRONG><a name="[6b]"></a>Pms_fsm_accOn</STRONG> (Thumb, 44 bytes, Stack size 16 bytes, pms.o(i.Pms_fsm_accOn))
<BR><BR>[Stack]<UL><LI>Max Depth = 592 + Unknown Stack Size
<LI>Call Chain = Pms_fsm_accOn &rArr; Pms_plugOut &rArr; Bat_msg &rArr; Bat_fsm &rArr; Bat_onPlugOut &rArr;  Bat_fsm (Cycle)
</UL>
<BR>[Calls]<UL><LI><a href="#[15e]">&gt;&gt;</a>&nbsp;&nbsp;&nbsp;Pms_plugOut
<LI><a href="#[15d]">&gt;&gt;</a>&nbsp;&nbsp;&nbsp;Pms_plugIn
<LI><a href="#[15c]">&gt;&gt;</a>&nbsp;&nbsp;&nbsp;Pms_switchStatus
</UL>
<BR>[Address Reference Count : 1]<UL><LI> pms.o(.constdata)
</UL>
<P><STRONG><a name="[6d]"></a>Pms_fsm_deepSleep</STRONG> (Thumb, 2 bytes, Stack size 0 bytes, pms.o(i.Pms_fsm_deepSleep))
<BR>[Address Reference Count : 1]<UL><LI> pms.o(.constdata)
</UL>
<P><STRONG><a name="[6c]"></a>Pms_fsm_sleep</STRONG> (Thumb, 2 bytes, Stack size 0 bytes, pms.o(i.Pms_fsm_sleep))
<BR>[Address Reference Count : 1]<UL><LI> pms.o(.constdata)
</UL>
<P><STRONG><a name="[15c]"></a>Pms_switchStatus</STRONG> (Thumb, 94 bytes, Stack size 8 bytes, pms.o(i.Pms_switchStatus))
<BR><BR>[Stack]<UL><LI>Max Depth = 440 + Unknown Stack Size
<LI>Call Chain = Pms_switchStatus &rArr; Pms_findStatusProcFun &rArr; _Printf &rArr; vsnprintf &rArr; _printf_char_common &rArr; __printf
</UL>
<BR>[Calls]<UL><LI><a href="#[161]">&gt;&gt;</a>&nbsp;&nbsp;&nbsp;Pms_setDischg
<LI><a href="#[15b]">&gt;&gt;</a>&nbsp;&nbsp;&nbsp;Pms_findStatusProcFun
</UL>
<BR>[Called By]<UL><LI><a href="#[6b]">&gt;&gt;</a>&nbsp;&nbsp;&nbsp;Pms_fsm_accOn
<LI><a href="#[6a]">&gt;&gt;</a>&nbsp;&nbsp;&nbsp;Pms_fsm_accOff
</UL>

<P><STRONG><a name="[76]"></a>app_nvc_init</STRONG> (Thumb, 56 bytes, Stack size 24 bytes, nvc.o(i.app_nvc_init))
<BR><BR>[Stack]<UL><LI>Max Depth = 224<LI>Call Chain = app_nvc_init &rArr; rt_thread_init &rArr; _rt_thread_init &rArr; rt_timer_init &rArr; rt_object_init &rArr; rt_exit_critical &rArr; rt_schedule
</UL>
<BR>[Calls]<UL><LI><a href="#[191]">&gt;&gt;</a>&nbsp;&nbsp;&nbsp;rt_kprintf
<LI><a href="#[160]">&gt;&gt;</a>&nbsp;&nbsp;&nbsp;rt_thread_init
<LI><a href="#[128]">&gt;&gt;</a>&nbsp;&nbsp;&nbsp;rt_thread_startup
</UL>
<BR>[Address Reference Count : 1]<UL><LI> nvc.o(.rti_fn.6)
</UL>
<P><STRONG><a name="[5e]"></a>thread_nvc_entry</STRONG> (Thumb, 22 bytes, Stack size 0 bytes, nvc.o(i.thread_nvc_entry))
<BR><BR>[Stack]<UL><LI>Max Depth = 456 + Unknown Stack Size
<LI>Call Chain = thread_nvc_entry &rArr; Nvc_Run &rArr; Nvc_SendNvcItem &rArr; Sif_TxByte &rArr; Sif_Tx &rArr; _Printf &rArr; vsnprintf &rArr; _printf_char_common &rArr; __printf
</UL>
<BR>[Calls]<UL><LI><a href="#[108]">&gt;&gt;</a>&nbsp;&nbsp;&nbsp;rt_thread_mdelay
<LI><a href="#[1e0]">&gt;&gt;</a>&nbsp;&nbsp;&nbsp;rt_hw_hwtimer_init
<LI><a href="#[151]">&gt;&gt;</a>&nbsp;&nbsp;&nbsp;Nvc_Run
<LI><a href="#[14a]">&gt;&gt;</a>&nbsp;&nbsp;&nbsp;Nvc_Init
</UL>
<BR>[Address Reference Count : 1]<UL><LI> nvc.o(i.app_nvc_init)
</UL>
<P><STRONG><a name="[177]"></a>Sif_isTimerOut</STRONG> (Thumb, 44 bytes, Stack size 8 bytes, sif.o(i.Sif_isTimerOut))
<BR><BR>[Stack]<UL><LI>Max Depth = 8<LI>Call Chain = Sif_isTimerOut
</UL>
<BR>[Called By]<UL><LI><a href="#[176]">&gt;&gt;</a>&nbsp;&nbsp;&nbsp;Sif_Isr
</UL>

<P><STRONG><a name="[53]"></a>_printf_input_char</STRONG> (Thumb, 10 bytes, Stack size 0 bytes, _printf_char_common.o(.text))
<BR>[Address Reference Count : 1]<UL><LI> _printf_char_common.o(.text)
</UL>
<P><STRONG><a name="[54]"></a>_scanf_char_input</STRONG> (Thumb, 12 bytes, Stack size 0 bytes, scanf_char.o(.text))
<BR>[Address Reference Count : 1]<UL><LI> scanf_char.o(.text)
</UL>
<P><STRONG><a name="[df]"></a>_fp_digits</STRONG> (Thumb, 432 bytes, Stack size 96 bytes, _printf_fp_dec.o(.text))
<BR><BR>[Stack]<UL><LI>Max Depth = 220<LI>Call Chain = _fp_digits &rArr; _btod_etento &rArr; _btod_emul &rArr; _e2e
</UL>
<BR>[Calls]<UL><LI><a href="#[e3]">&gt;&gt;</a>&nbsp;&nbsp;&nbsp;_btod_emul
<LI><a href="#[e2]">&gt;&gt;</a>&nbsp;&nbsp;&nbsp;_btod_ediv
<LI><a href="#[e1]">&gt;&gt;</a>&nbsp;&nbsp;&nbsp;_btod_d2e
<LI><a href="#[e0]">&gt;&gt;</a>&nbsp;&nbsp;&nbsp;_btod_etento
<LI><a href="#[dc]">&gt;&gt;</a>&nbsp;&nbsp;&nbsp;_ll_udiv10
</UL>
<BR>[Called By]<UL><LI><a href="#[e4]">&gt;&gt;</a>&nbsp;&nbsp;&nbsp;_printf_fp_dec_real
</UL>
<P>
<H3>
Undefined Global Symbols
</H3><HR></body></html>
