<html>
<body>
<pre>
<h1>µVision Build Log</h1>
<h2>Tool Versions:</h2>
IDE-Version: ¦ÌVision V5.25.2.0
Copyright (C) 2018 ARM Ltd and ARM Germany GmbH. All rights reserved.
License Information: zhnag lane, immotor, LIC=SDA12-94IGA-QDQKD-80WKR-FS84M-I7Y95
 
Tool Versions:
Toolchain:       MDK-ARM Plus  Version: 5.25.2.0
Toolchain Path:  C:\Keil_v5\ARM\ARMCC\Bin
C Compiler:      Armcc.exe V5.06 update 6 (build 750)
Assembler:       Armasm.exe V5.06 update 6 (build 750)
Linker/Locator:  ArmLink.exe V5.06 update 6 (build 750)
Library Manager: ArmAr.exe V5.06 update 6 (build 750)
Hex Converter:   FromElf.exe V5.06 update 6 (build 750)
CPU DLL:         SARMCM3.DLL V5.25.2.0
Dialog DLL:      DCM.DLL V1.17.1.0
Target DLL:      Segger\JL2CM3.dll V2.99.29.0
Dialog DLL:      TCM.DLL V1.35.1.0
 
<h2>Project:</h2>
D:\work\013Center7\soft\FW_G2_C7\Src_ProjectFile\MDK\C7Pms.uvprojx
Project File Date:  08/28/2020

<h2>Output:</h2>
*** Using Compiler 'V5.06 update 6 (build 750)', folder: 'C:\Keil_v5\ARM\ARMCC\Bin'
Build target 'C7Pms'
compiling Pms.c...
..\..\Src\source\Pms\Pms.c(259): warning:  #111-D: statement is unreachable
  	return Null;
..\..\Src\source\Pms\Pms.c(262): warning:  #177-D: function "Pms_fsm"  was declared but never referenced
  static void Pms_fsm(PmsMsg msgId, uint32_t param1, uint32_t param2)
..\..\Src\source\Pms\Pms.c(358): warning:  #177-D: function "app_pms_init"  was declared but never referenced
  static int app_pms_init(void)
..\..\Src\source\Pms\Pms.c: 3 warnings, 0 errors
compiling main.c...
..\..\src\source\user\main.c(126): warning:  #177-D: variable "remainMin"  was declared but never referenced
  	int remainMin = 0;//Sign_GetRemainMin();
..\..\src\source\user\main.c(34): warning:  #177-D: variable "g_ResetInitMs"  was declared but never referenced
  static uint32_t g_ResetInitMs = 0;
..\..\src\source\user\main.c: 2 warnings, 0 errors
linking...
Program Size: Code=37190 RO-data=5966 RW-data=416 ZI-data=9392  
".\Objects\C7Pms.axf" - 0 Error(s), 5 Warning(s).

<h2>Software Packages used:</h2>

Package Vendor: GigaDevice
                http://gd32mcu.21ic.com/data/documents/yingyongruanjian/GD32F4/GigaDevice.GD32F4xx_DFP.1.0.3.pack
                GigaDevice.GD32F4xx_DFP.1.0.3
                GigaDevice GD32F4xx Series Device Support and Examples

<h2>Collection of Component include folders:</h2>
  .\RTE\_C7Pms
  C:\Keil_v5\ARM\PACK\GigaDevice\GD32F4xx_DFP\1.0.3\Device\F403\Include

<h2>Collection of Component Files used:</h2>
Build Time Elapsed:  00:00:05
</pre>
</body>
</html>
